Component: ARM Compiler 6.16 Tool: armlink [5dfeaa00]

==============================================================================

Section Cross References

    main.o(.text.TIM6_Config) refers to main.o(.text.__NVIC_EnableIRQ) for __NVIC_EnableIRQ
    main.o(.ARM.exidx.text.TIM6_Config) refers to main.o(.text.TIM6_Config) for [Anonymous Symbol]
    main.o(.ARM.exidx.text.__NVIC_EnableIRQ) refers to main.o(.text.__NVIC_EnableIRQ) for [Anonymous Symbol]
    main.o(.text.TIM6_DAC_IRQHandler) refers to main.o(.bss.counter) for counter
    main.o(.ARM.exidx.text.TIM6_DAC_IRQHandler) refers to main.o(.text.TIM6_DAC_IRQHandler) for [Anonymous Symbol]
    main.o(.text.getString) refers to usart.o(.text.UART_GetChar) for UART_GetChar
    main.o(.text.getString) refers to main.o(.bss.input_buffer) for input_buffer
    main.o(.ARM.exidx.text.getString) refers to main.o(.text.getString) for [Anonymous Symbol]
    main.o(.text.printStatus) refers to main.o(.data.G) for G
    main.o(.text.printStatus) refers to main.o(.data.Y) for Y
    main.o(.text.printStatus) refers to main.o(.data.R) for R
    main.o(.text.printStatus) refers to main.o(.data.L) for L
    main.o(.text.printStatus) refers to main.o(.rodata.str1.1) for .L.str
    main.o(.text.printStatus) refers to sprintf.o(.text) for sprintf
    main.o(.text.printStatus) refers to usart.o(.text.UART_SendString) for UART_SendString
    main.o(.ARM.exidx.text.printStatus) refers to main.o(.text.printStatus) for [Anonymous Symbol]
    main.o(.text.parseCommand) refers to main.o(.bss.input_buffer) for input_buffer
    main.o(.text.parseCommand) refers to main.o(.text.printStatus) for printStatus
    main.o(.text.parseCommand) refers to main.o(.rodata.str1.1) for .L.str.2
    main.o(.text.parseCommand) refers to usart.o(.text.UART_SendString) for UART_SendString
    main.o(.text.parseCommand) refers to sscanf.o(.text) for sscanf
    main.o(.text.parseCommand) refers to sprintf.o(.text) for sprintf
    main.o(.text.parseCommand) refers to main.o(.bss.counter) for counter
    main.o(.text.parseCommand) refers to main.o(.data.logBuffer) for logBuffer
    main.o(.text.parseCommand) refers to main.o(.bss.logTrafficLR) for logTrafficLR
    main.o(.text.parseCommand) refers to main.o(.bss.logTrafficUD) for logTrafficUD
    main.o(.text.parseCommand) refers to main.o(.bss.logLoad) for logLoad
    main.o(.ARM.exidx.text.parseCommand) refers to main.o(.text.parseCommand) for [Anonymous Symbol]
    main.o(.text.USART2_IRQHandler) refers to main.o(.text.getString) for getString
    main.o(.ARM.exidx.text.USART2_IRQHandler) refers to main.o(.text.USART2_IRQHandler) for [Anonymous Symbol]
    main.o(.text.UART4_IRQHandler) refers to main.o(.bss.out_idx) for out_idx
    main.o(.text.UART4_IRQHandler) refers to main.o(.bss.output_buff) for output_buff
    main.o(.text.UART4_IRQHandler) refers to main.o(.bss.in_idx) for in_idx
    main.o(.text.UART4_IRQHandler) refers to main.o(.bss.input_buffer) for input_buffer
    main.o(.ARM.exidx.text.UART4_IRQHandler) refers to main.o(.text.UART4_IRQHandler) for [Anonymous Symbol]
    main.o(.text.UART5_IRQHandler) refers to main.o(.bss.out_idx) for out_idx
    main.o(.text.UART5_IRQHandler) refers to main.o(.bss.output_buff) for output_buff
    main.o(.text.UART5_IRQHandler) refers to main.o(.bss.in_idx) for in_idx
    main.o(.text.UART5_IRQHandler) refers to main.o(.bss.input_buffer) for input_buffer
    main.o(.ARM.exidx.text.UART5_IRQHandler) refers to main.o(.text.UART5_IRQHandler) for [Anonymous Symbol]
    main.o(.text.usart4to5) refers to main.o(.bss.input_buffer) for input_buffer
    main.o(.text.usart4to5) refers to main.o(.rodata.str1.1) for .L.str.9
    main.o(.text.usart4to5) refers to strcpy.o(.text) for strcpy
    main.o(.text.usart4to5) refers to main.o(.bss.output_buff) for output_buff
    main.o(.text.usart4to5) refers to main.o(.bss.in_idx) for in_idx
    main.o(.text.usart4to5) refers to main.o(.bss.out_idx) for out_idx
    main.o(.text.usart4to5) refers to strlen.o(.text) for strlen
    main.o(.text.usart4to5) refers to sys_init.o(.text.ms_delay) for ms_delay
    main.o(.text.usart4to5) refers to usart.o(.text.UART_SendString) for UART_SendString
    main.o(.ARM.exidx.text.usart4to5) refers to main.o(.text.usart4to5) for [Anonymous Symbol]
    main.o(.text.random) refers to rand.o(.emb_text) for rand
    main.o(.ARM.exidx.text.random) refers to main.o(.text.random) for [Anonymous Symbol]
    main.o(.text.RefreshLoad) refers to main.o(.bss.low) for low
    main.o(.text.RefreshLoad) refers to gpio.o(.text.GPIO_WritePin) for GPIO_WritePin
    main.o(.text.RefreshLoad) refers to main.o(.data.high) for high
    main.o(.text.RefreshLoad) refers to sys_init.o(.text.ms_delay) for ms_delay
    main.o(.ARM.exidx.text.RefreshLoad) refers to main.o(.text.RefreshLoad) for [Anonymous Symbol]
    main.o(.text.main) refers to clock.o(.text.initClock) for initClock
    main.o(.text.main) refers to sys_init.o(.text.sysInit) for sysInit
[...]
    x$fpl$dnaninf                            0x08005474   Section      156  dnaninf.o(x$fpl$dnaninf)
    $v0                                      0x08005510   Number         0  dretinf.o(x$fpl$dretinf)
    x$fpl$dretinf                            0x08005510   Section       12  dretinf.o(x$fpl$dretinf)
    $v0                                      0x0800551c   Number         0  drleqf.o(x$fpl$drleqf)
    x$fpl$drleqf                             0x0800551c   Section      108  drleqf.o(x$fpl$drleqf)
    $v0                                      0x08005588   Number         0  fpinit.o(x$fpl$fpinit)
    x$fpl$fpinit                             0x08005588   Section       26  fpinit.o(x$fpl$fpinit)
    $v0                                      0x080055a2   Number         0  fretinf.o(x$fpl$fretinf)
    x$fpl$fretinf                            0x080055a2   Section       10  fretinf.o(x$fpl$fretinf)
    $v0                                      0x080055ac   Number         0  istatus.o(x$fpl$ieeestatus)
    x$fpl$ieeestatus                         0x080055ac   Section        6  istatus.o(x$fpl$ieeestatus)
    $v0                                      0x080055b2   Number         0  printf1.o(x$fpl$printf1)
    x$fpl$printf1                            0x080055b2   Section        4  printf1.o(x$fpl$printf1)
    $v0                                      0x080055b6   Number         0  printf2.o(x$fpl$printf2)
    x$fpl$printf2                            0x080055b6   Section        4  printf2.o(x$fpl$printf2)
    $v0                                      0x080055ba   Number         0  retnan.o(x$fpl$retnan)
    x$fpl$retnan                             0x080055ba   Section      100  retnan.o(x$fpl$retnan)
    $v0                                      0x0800561e   Number         0  scalbn.o(x$fpl$scalbn)
    x$fpl$scalbn                             0x0800561e   Section       92  scalbn.o(x$fpl$scalbn)
    $v0                                      0x0800567a   Number         0  scanf1.o(x$fpl$scanf1)
    x$fpl$scanf1                             0x0800567a   Section        4  scanf1.o(x$fpl$scanf1)
    $v0                                      0x0800567e   Number         0  scanf2.o(x$fpl$scanf2)
    x$fpl$scanf2                             0x0800567e   Section        8  scanf2.o(x$fpl$scanf2)
    $v0                                      0x08005686   Number         0  trapv.o(x$fpl$trapveneer)
    x$fpl$trapveneer                         0x08005686   Section       48  trapv.o(x$fpl$trapveneer)
    x$fpl$usenofp                            0x080056b6   Section        0  usenofp.o(x$fpl$usenofp)
    initial_mbstate                          0x080056b8   Data           8  _printf_wctomb.o(.constdata)
    .constdata                               0x080056b8   Section        8  _printf_wctomb.o(.constdata)
    uc_hextab                                0x080056c0   Data          20  _printf_hex_int_ll_ptr.o(.constdata)
    .constdata                               0x080056c0   Section       40  _printf_hex_int_ll_ptr.o(.constdata)
    lc_hextab                                0x080056d4   Data          20  _printf_hex_int_ll_ptr.o(.constdata)
    maptable                                 0x080056e8   Data          17  __printf_flags_ss_wp.o(.constdata)
    .constdata                               0x080056e8   Section       17  __printf_flags_ss_wp.o(.constdata)
    lc_hextab                                0x080056f9   Data          19  _printf_fp_hex.o(.constdata)
    .constdata                               0x080056f9   Section       38  _printf_fp_hex.o(.constdata)
    uc_hextab                                0x0800570c   Data          19  _printf_fp_hex.o(.constdata)
    tenpwrs_x                                0x08005720   Data          60  bigflt0.o(.constdata)
    .constdata                               0x08005720   Section      148  bigflt0.o(.constdata)
    tenpwrs_i                                0x0800575c   Data          64  bigflt0.o(.constdata)
    .L__const.main.GreenLR                   0x080057b4   Data          20  main.o(.rodata..L__const.main.GreenLR)
    .L__const.main.GreenUD                   0x080057c8   Data          20  main.o(.rodata..L__const.main.GreenUD)
    .L__const.main.IN_GreenLR                0x080057dc   Data          20  main.o(.rodata..L__const.main.IN_GreenLR)
    .L__const.main.IN_GreenUD                0x080057f0   Data          20  main.o(.rodata..L__const.main.IN_GreenUD)
    .L__const.main.IN_LoadD                  0x08005804   Data          20  main.o(.rodata..L__const.main.IN_LoadD)
    .L__const.main.IN_LoadL                  0x08005818   Data          20  main.o(.rodata..L__const.main.IN_LoadL)
    .L__const.main.IN_LoadR                  0x0800582c   Data          20  main.o(.rodata..L__const.main.IN_LoadR)
    .L__const.main.IN_LoadU                  0x08005840   Data          20  main.o(.rodata..L__const.main.IN_LoadU)
    .L__const.main.IN_RedLR                  0x08005854   Data          20  main.o(.rodata..L__const.main.IN_RedLR)
    .L__const.main.IN_RedUD                  0x08005868   Data          20  main.o(.rodata..L__const.main.IN_RedUD)
    .L__const.main.PA10                      0x0800587c   Data          20  main.o(.rodata..L__const.main.PA10)
    .L__const.main.PA11                      0x08005890   Data          20  main.o(.rodata..L__const.main.PA11)
    .L__const.main.PA12                      0x080058a4   Data          20  main.o(.rodata..L__const.main.PA12)
    .L__const.main.PA5                       0x080058b8   Data          20  main.o(.rodata..L__const.main.PA5)
    .L__const.main.PA6                       0x080058cc   Data          20  main.o(.rodata..L__const.main.PA6)
    .L__const.main.PA7                       0x080058e0   Data          20  main.o(.rodata..L__const.main.PA7)
    .L__const.main.PA8                       0x080058f4   Data          20  main.o(.rodata..L__const.main.PA8)
    .L__const.main.PA9                       0x08005908   Data          20  main.o(.rodata..L__const.main.PA9)
    .L__const.main.PB13                      0x0800591c   Data          20  main.o(.rodata..L__const.main.PB13)
    .L__const.main.PB14                      0x08005930   Data          20  main.o(.rodata..L__const.main.PB14)
    .L__const.main.PB15                      0x08005944   Data          20  main.o(.rodata..L__const.main.PB15)
    .L__const.main.PB5                       0x08005958   Data          20  main.o(.rodata..L__const.main.PB5)
    .L__const.main.RedLR                     0x0800596c   Data          20  main.o(.rodata..L__const.main.RedLR)
    .L__const.main.RedUD                     0x08005980   Data          20  main.o(.rodata..L__const.main.RedUD)
    .L__const.main.YellowLR                  0x08005994   Data          20  main.o(.rodata..L__const.main.YellowLR)
    .L__const.main.YellowUD                  0x080059a8   Data          20  main.o(.rodata..L__const.main.YellowUD)
    .L.str.11                                0x080059bc   Data          41  main.o(.rodata.str1.1)
    [Anonymous Symbol]                       0x080059bc   Section        0  main.o(.rodata.str1.1)
    .L.str.5                                 0x080059e5   Data          36  main.o(.rodata.str1.1)
    .L.str.6                                 0x08005a09   Data          36  main.o(.rodata.str1.1)
    .L.str.1                                 0x08005a2d   Data          36  main.o(.rodata.str1.1)
    .L.str.4                                 0x08005a4d   Data           4  main.o(.rodata.str1.1)
    .L.str.8                                 0x08005a51   Data          34  main.o(.rodata.str1.1)
    .L.str.7                                 0x08005a73   Data          36  main.o(.rodata.str1.1)
    .L.str.12                                0x08005a97   Data          22  main.o(.rodata.str1.1)
    .L.str.9                                 0x08005aa9   Data          41  main.o(.rodata.str1.1)
    .L.str.2                                 0x08005aad   Data          11  main.o(.rodata.str1.1)
    .L.str                                   0x08005ab8   Data          35  main.o(.rodata.str1.1)
    .L.str.10                                0x08005ad2   Data          20  main.o(.rodata.str1.1)
    .L.str.3                                 0x08005adb   Data           9  main.o(.rodata.str1.1)
    .L.str.13                                0x08005ae3   Data           1  main.o(.rodata.str1.1)
    c$$dinf                                  0x08005b04   Section        8  fpconst.o(c$$dinf)
    c$$dmax                                  0x08005b0c   Section        8  fpconst.o(c$$dmax)
    locale$$data                             0x08005b14   Section       28  lc_numeric_c.o(locale$$data)
    __lcnum_c_name                           0x08005b18   Data           2  lc_numeric_c.o(locale$$data)
    __lcnum_c_start                          0x08005b20   Data           0  lc_numeric_c.o(locale$$data)
    __lcnum_c_point                          0x08005b2c   Data           0  lc_numeric_c.o(locale$$data)
    __lcnum_c_thousands                      0x08005b2e   Data           0  lc_numeric_c.o(locale$$data)
    __lcnum_c_grouping                       0x08005b2f   Data           0  lc_numeric_c.o(locale$$data)
    __lcnum_c_end                            0x08005b30   Data           0  lc_numeric_c.o(locale$$data)
    locale$$data                             0x08005b30   Section      272  lc_ctype_c.o(locale$$data)
    __lcctype_c_name                         0x08005b34   Data           2  lc_ctype_c.o(locale$$data)
    __lcctype_c_start                        0x08005b3c   Data           0  lc_ctype_c.o(locale$$data)
    __lcctype_c_end                          0x08005c40   Data           0  lc_ctype_c.o(locale$$data)
    high                                     0x20000014   Data           1  main.o(.data.high)
    [Anonymous Symbol]                       0x20000014   Section        0  main.o(.data.high)
    .bss                                     0x20000020   Section      228  rand.o(.bss)
    .bss                                     0x20000104   Section       96  libspace.o(.bss)
    in_idx                                   0x20000168   Data           4  main.o(.bss.in_idx)
    [Anonymous Symbol]                       0x20000168   Section        0  main.o(.bss.in_idx)
    input_buffer                             0x2000016c   Data          50  main.o(.bss.input_buffer)
    [Anonymous Symbol]                       0x2000016c   Section        0  main.o(.bss.input_buffer)
    low                                      0x20000e20   Data           1  main.o(.bss.low)
    [Anonymous Symbol]                       0x20000e20   Section        0  main.o(.bss.low)
    msTicks                                  0x20000e24   Data           4  sys_init.o(.bss.msTicks)
    [Anonymous Symbol]                       0x20000e24   Section        0  sys_init.o(.bss.msTicks)
    out_idx                                  0x20000e28   Data           4  main.o(.bss.out_idx)
    [Anonymous Symbol]                       0x20000e28   Section        0  main.o(.bss.out_idx)
    output_buff                              0x20000e2c   Data          50  main.o(.bss.output_buff)
    [Anonymous Symbol]                       0x20000e2c   Section        0  main.o(.bss.output_buff)
    Heap_Mem                                 0x20000e60   Data         512  startup_stm32f446xx.o(HEAP)
    HEAP                                     0x20000e60   Section      512  startup_stm32f446xx.o(HEAP)
    Stack_Mem                                0x20001060   Data        1024  startup_stm32f446xx.o(STACK)
    STACK                                    0x20001060   Section     1024  startup_stm32f446xx.o(STACK)
    __initial_sp                             0x20001460   Data           0  startup_stm32f446xx.o(STACK)

    Global Symbols

    Symbol Name                              Value     Ov Type        Size  Object(Section)

    BuildAttributes$$THM_ISAv4$E$P$D$K$B$S$7EM$VFPi3$EXTD16$VFPS$VFMA$PE$A:L22UL41UL21$X:L11$S22US41US21$IEEE1$IW$~IW$USESV6$~STKCKD$USESV7$~SHL$OTIME$ROPI$IEEEX$EBA8$UX$STANDARDLIB$REQ8$PRES8$EABIv2 0x00000000   Number         0  anon$$obj.o ABSOLUTE
    _printf_flags                            0x00000000   Number         0  printf_stubs.o ABSOLUTE
    _printf_return_value                     0x00000000   Number         0  printf_stubs.o ABSOLUTE
    _printf_sizespec                         0x00000000   Number         0  printf_stubs.o ABSOLUTE
    _printf_widthprec                        0x00000000   Number         0  printf_stubs.o ABSOLUTE
    __ARM_exceptions_init                     - Undefined Weak Reference
    __alloca_initialize                       - Undefined Weak Reference
    __arm_preinit_                            - Undefined Weak Reference
    __cpp_initialize__aeabi_                  - Undefined Weak Reference
    __cxa_finalize                            - Undefined Weak Reference
    __sigvec_lookup                           - Undefined Weak Reference
    _atexit_init                              - Undefined Weak Reference
    _call_atexit_fns                          - Undefined Weak Reference
    _clock_init                               - Undefined Weak Reference
    _fp_trap_init                             - Undefined Weak Reference
    _fp_trap_shutdown                         - Undefined Weak Reference
    _get_lc_collate                           - Undefined Weak Reference
    _get_lc_monetary                          - Undefined Weak Reference
    _get_lc_time                              - Undefined Weak Reference
    _getenv_init                              - Undefined Weak Reference
    _handle_redirection                       - Undefined Weak Reference
    _init_alloc                               - Undefined Weak Reference
    _init_user_alloc                          - Undefined Weak Reference
    _initio                                   - Undefined Weak Reference
    _printf_mbtowc                            - Undefined Weak Reference
    _printf_wc                                - Undefined Weak Reference
    _signal_finish                            - Undefined Weak Reference
    _signal_init                              - Undefined Weak Reference
    _terminate_alloc                          - Undefined Weak Reference
    _terminate_user_alloc                     - Undefined Weak Reference
    _terminateio                              - Undefined Weak Reference
    __Vectors_Size                           0x000001c4   Number         0  startup_stm32f446xx.o ABSOLUTE
    __Vectors                                0x08000000   Data           4  startup_stm32f446xx.o(RESET)
    __Vectors_End                            0x080001c4   Data           0  startup_stm32f446xx.o(RESET)
    __main                                   0x080001c5   Thumb Code     8  __main.o(!!!main)
    __scatterload                            0x080001cd   Thumb Code     0  __scatter.o(!!!scatter)
    __scatterload_rt2                        0x080001cd   Thumb Code    44  __scatter.o(!!!scatter)
    __scatterload_rt2_thumb_only             0x080001cd   Thumb Code     0  __scatter.o(!!!scatter)
    __scatterload_null                       0x080001db   Thumb Code     0  __scatter.o(!!!scatter)
    __scatterload_copy                       0x08000201   Thumb Code    26  __scatter_copy.o(!!handler_copy)
    __scatterload_zeroinit                   0x0800021d   Thumb Code    28  __scatter_zi.o(!!handler_zi)
    _printf_n                                0x08000239   Thumb Code     0  _printf_n.o(.ARM.Collect$$_printf_percent$$00000001)
    _printf_percent                          0x08000239   Thumb Code     0  _printf_percent.o(.ARM.Collect$$_printf_percent$$00000000)
    _printf_p                                0x0800023f   Thumb Code     0  _printf_p.o(.ARM.Collect$$_printf_percent$$00000002)
    _printf_f                                0x08000245   Thumb Code     0  _printf_f.o(.ARM.Collect$$_printf_percent$$00000003)
    _printf_e                                0x0800024b   Thumb Code     0  _printf_e.o(.ARM.Collect$$_printf_percent$$00000004)
    _printf_g                                0x08000251   Thumb Code     0  _printf_g.o(.ARM.Collect$$_printf_percent$$00000005)
    _printf_a                                0x08000257   Thumb Code     0  _printf_a.o(.ARM.Collect$$_printf_percent$$00000006)
    _printf_ll                               0x0800025d   Thumb Code     0  _printf_ll.o(.ARM.Collect$$_printf_percent$$00000007)
    _printf_i                                0x08000267   Thumb Code     0  _printf_i.o(.ARM.Collect$$_printf_percent$$00000008)
    _printf_d                                0x0800026d   Thumb Code     0  _printf_d.o(.ARM.Collect$$_printf_percent$$00000009)
    _printf_u                                0x08000273   Thumb Code     0  _printf_u.o(.ARM.Collect$$_printf_percent$$0000000A)
    _printf_o                                0x08000279   Thumb Code     0  _printf_o.o(.ARM.Collect$$_printf_percent$$0000000B)
    _printf_x                                0x0800027f   Thumb Code     0  _printf_x.o(.ARM.Collect$$_printf_percent$$0000000C)
    _printf_lli                              0x08000285   Thumb Code     0  _printf_lli.o(.ARM.Collect$$_printf_percent$$0000000D)
    _printf_lld                              0x0800028b   Thumb Code     0  _printf_lld.o(.ARM.Collect$$_printf_percent$$0000000E)
    _printf_llu                              0x08000291   Thumb Code     0  _printf_llu.o(.ARM.Collect$$_printf_percent$$0000000F)
    _printf_llo                              0x08000297   Thumb Code     0  _printf_llo.o(.ARM.Collect$$_printf_percent$$00000010)
    _printf_llx                              0x0800029d   Thumb Code     0  _printf_llx.o(.ARM.Collect$$_printf_percent$$00000011)
    _printf_l                                0x080002a3   Thumb Code     0  _printf_l.o(.ARM.Collect$$_printf_percent$$00000012)
    _printf_c                                0x080002ad   Thumb Code     0  _printf_c.o(.ARM.Collect$$_printf_percent$$00000013)
    _printf_s                                0x080002b3   Thumb Code     0  _printf_s.o(.ARM.Collect$$_printf_percent$$00000014)
    _printf_lc                               0x080002b9   Thumb Code     0  _printf_lc.o(.ARM.Collect$$_printf_percent$$00000015)
    _printf_ls                               0x080002bf   Thumb Code     0  _printf_ls.o(.ARM.Collect$$_printf_percent$$00000016)
    _printf_percent_end                      0x080002c5   Thumb Code     0  _printf_percent_end.o(.ARM.Collect$$_printf_percent$$00000017)
    __rt_lib_init                            0x080002c9   Thumb Code     0  libinit.o(.ARM.Collect$$libinit$$00000000)
    __rt_lib_init_fp_1                       0x080002cb   Thumb Code     0  libinit2.o(.ARM.Collect$$libinit$$00000001)
    __rt_lib_init_heap_1                     0x080002cf   Thumb Code     0  libinit2.o(.ARM.Collect$$libinit$$0000000A)
    __rt_lib_init_preinit_1                  0x080002cf   Thumb Code     0  libinit2.o(.ARM.Collect$$libinit$$00000004)
    __rt_lib_init_rand_2                     0x080002cf   Thumb Code     0  libinit2.o(.ARM.Collect$$libinit$$0000000D)
    __rt_lib_init_user_alloc_1               0x080002cf   Thumb Code     0  libinit2.o(.ARM.Collect$$libinit$$0000000C)
    __rt_lib_init_lc_common                  0x080002d3   Thumb Code     0  libinit2.o(.ARM.Collect$$libinit$$0000000F)
    __rt_lib_init_rand_1                     0x080002d3   Thumb Code     0  libinit2.o(.ARM.Collect$$libinit$$0000000E)
    __rt_lib_init_lc_collate_1               0x080002d9   Thumb Code     0  libinit2.o(.ARM.Collect$$libinit$$00000011)
    __rt_lib_init_lc_ctype_2                 0x080002d9   Thumb Code     0  libinit2.o(.ARM.Collect$$libinit$$00000012)
    __rt_lib_init_lc_ctype_1                 0x080002e5   Thumb Code     0  libinit2.o(.ARM.Collect$$libinit$$00000013)
    __rt_lib_init_lc_monetary_1              0x080002e5   Thumb Code     0  libinit2.o(.ARM.Collect$$libinit$$00000015)
    __rt_lib_init_lc_numeric_2               0x080002e5   Thumb Code     0  libinit2.o(.ARM.Collect$$libinit$$00000016)
    __rt_lib_init_alloca_1                   0x080002ef   Thumb Code     0  libinit2.o(.ARM.Collect$$libinit$$0000002E)
    __rt_lib_init_argv_1                     0x080002ef   Thumb Code     0  libinit2.o(.ARM.Collect$$libinit$$0000002C)
    __rt_lib_init_atexit_1                   0x080002ef   Thumb Code     0  libinit2.o(.ARM.Collect$$libinit$$0000001B)
    __rt_lib_init_clock_1                    0x080002ef   Thumb Code     0  libinit2.o(.ARM.Collect$$libinit$$00000021)
    __rt_lib_init_cpp_1                      0x080002ef   Thumb Code     0  libinit2.o(.ARM.Collect$$libinit$$00000032)
    __rt_lib_init_exceptions_1               0x080002ef   Thumb Code     0  libinit2.o(.ARM.Collect$$libinit$$00000030)
    __rt_lib_init_fp_trap_1                  0x080002ef   Thumb Code     0  libinit2.o(.ARM.Collect$$libinit$$0000001F)
    __rt_lib_init_getenv_1                   0x080002ef   Thumb Code     0  libinit2.o(.ARM.Collect$$libinit$$00000023)
    __rt_lib_init_lc_numeric_1               0x080002ef   Thumb Code     0  libinit2.o(.ARM.Collect$$libinit$$00000017)
    __rt_lib_init_lc_time_1                  0x080002ef   Thumb Code     0  libinit2.o(.ARM.Collect$$libinit$$00000019)
    __rt_lib_init_return                     0x080002ef   Thumb Code     0  libinit2.o(.ARM.Collect$$libinit$$00000033)
    __rt_lib_init_signal_1                   0x080002ef   Thumb Code     0  libinit2.o(.ARM.Collect$$libinit$$0000001D)
    __rt_lib_init_stdio_1                    0x080002ef   Thumb Code     0  libinit2.o(.ARM.Collect$$libinit$$00000025)
    __rt_lib_shutdown                        0x080002f1   Thumb Code     0  libshutdown.o(.ARM.Collect$$libshutdown$$00000000)
    __rt_lib_shutdown_cpp_1                  0x080002f3   Thumb Code     0  libshutdown2.o(.ARM.Collect$$libshutdown$$00000002)
    __rt_lib_shutdown_fp_trap_1              0x080002f3   Thumb Code     0  libshutdown2.o(.ARM.Collect$$libshutdown$$00000007)
    __rt_lib_shutdown_heap_1                 0x080002f3   Thumb Code     0  libshutdown2.o(.ARM.Collect$$libshutdown$$0000000F)
    __rt_lib_shutdown_return                 0x080002f3   Thumb Code     0  libshutdown2.o(.ARM.Collect$$libshutdown$$00000010)
    __rt_lib_shutdown_signal_1               0x080002f3   Thumb Code     0  libshutdown2.o(.ARM.Collect$$libshutdown$$0000000A)
    __rt_lib_shutdown_stdio_1                0x080002f3   Thumb Code     0  libshutdown2.o(.ARM.Collect$$libshutdown$$00000004)
    __rt_lib_shutdown_user_alloc_1           0x080002f3   Thumb Code     0  libshutdown2.o(.ARM.Collect$$libshutdown$$0000000C)
    __rt_entry                               0x080002f5   Thumb Code     0  __rtentry.o(.ARM.Collect$$rtentry$$00000000)
    __rt_entry_presh_1                       0x080002f5   Thumb Code     0  __rtentry2.o(.ARM.Collect$$rtentry$$00000002)
    __rt_entry_sh                            0x080002f5   Thumb Code     0  __rtentry4.o(.ARM.Collect$$rtentry$$00000004)
    __rt_entry_li                            0x080002fb   Thumb Code     0  __rtentry2.o(.ARM.Collect$$rtentry$$0000000A)
    __rt_entry_postsh_1                      0x080002fb   Thumb Code     0  __rtentry2.o(.ARM.Collect$$rtentry$$00000009)
    __rt_entry_main                          0x080002ff   Thumb Code     0  __rtentry2.o(.ARM.Collect$$rtentry$$0000000D)
    __rt_entry_postli_1                      0x080002ff   Thumb Code     0  __rtentry2.o(.ARM.Collect$$rtentry$$0000000C)
    __rt_exit                                0x08000307   Thumb Code     0  rtexit.o(.ARM.Collect$$rtexit$$00000000)
    __rt_exit_ls                             0x08000309   Thumb Code     0  rtexit2.o(.ARM.Collect$$rtexit$$00000003)
    __rt_exit_prels_1                        0x08000309   Thumb Code     0  rtexit2.o(.ARM.Collect$$rtexit$$00000002)
    __rt_exit_exit                           0x0800030d   Thumb Code     0  rtexit2.o(.ARM.Collect$$rtexit$$00000004)
    rand                                     0x08000315   Thumb Code    48  rand.o(.emb_text)
    Reset_Handler                            0x08000349   Thumb Code     8  startup_stm32f446xx.o(.text)
    NMI_Handler                              0x08000351   Thumb Code     2  startup_stm32f446xx.o(.text)
    HardFault_Handler                        0x08000353   Thumb Code     2  startup_stm32f446xx.o(.text)
    MemManage_Handler                        0x08000355   Thumb Code     2  startup_stm32f446xx.o(.text)
    BusFault_Handler                         0x08000357   Thumb Code     2  startup_stm32f446xx.o(.text)
    UsageFault_Handler                       0x08000359   Thumb Code     2  startup_stm32f446xx.o(.text)
    SVC_Handler                              0x0800035b   Thumb Code     2  startup_stm32f446xx.o(.text)
    DebugMon_Handler                         0x0800035d   Thumb Code     2  startup_stm32f446xx.o(.text)
    PendSV_Handler                           0x0800035f   Thumb Code     2  startup_stm32f446xx.o(.text)
    ADC_IRQHandler                           0x08000363   Thumb Code     0  startup_stm32f446xx.o(.text)
    CAN1_RX0_IRQHandler                      0x08000363   Thumb Code     0  startup_stm32f446xx.o(.text)
    CAN1_RX1_IRQHandler                      0x08000363   Thumb Code     0  startup_stm32f446xx.o(.text)
    CAN1_SCE_IRQHandler                      0x08000363   Thumb Code     0  startup_stm32f446xx.o(.text)
    CAN1_TX_IRQHandler                       0x08000363   Thumb Code     0  startup_stm32f446xx.o(.text)
    CAN2_RX0_IRQHandler                      0x08000363   Thumb Code     0  startup_stm32f446xx.o(.text)
    CAN2_RX1_IRQHandler                      0x08000363   Thumb Code     0  startup_stm32f446xx.o(.text)
    CAN2_SCE_IRQHandler                      0x08000363   Thumb Code     0  startup_stm32f446xx.o(.text)
    CAN2_TX_IRQHandler                       0x08000363   Thumb Code     0  startup_stm32f446xx.o(.text)
    CEC_IRQHandler                           0x08000363   Thumb Code     0  startup_stm32f446xx.o(.text)
    DCMI_IRQHandler                          0x08000363   Thumb Code     0  startup_stm32f446xx.o(.text)
    DMA1_Stream0_IRQHandler                  0x08000363   Thumb Code     0  startup_stm32f446xx.o(.text)
    DMA1_Stream1_IRQHandler                  0x08000363   Thumb Code     0  startup_stm32f446xx.o(.text)
    DMA1_Stream2_IRQHandler                  0x08000363   Thumb Code     0  startup_stm32f446xx.o(.text)
    DMA1_Stream3_IRQHandler                  0x08000363   Thumb Code     0  startup_stm32f446xx.o(.text)
    DMA1_Stream4_IRQHandler                  0x08000363   Thumb Code     0  startup_stm32f446xx.o(.text)
    DMA1_Stream5_IRQHandler                  0x08000363   Thumb Code     0  startup_stm32f446xx.o(.text)
    DMA1_Stream6_IRQHandler                  0x08000363   Thumb Code     0  startup_stm32f446xx.o(.text)
    DMA1_Stream7_IRQHandler                  0x08000363   Thumb Code     0  startup_stm32f446xx.o(.text)
    DMA2_Stream0_IRQHandler                  0x08000363   Thumb Code     0  startup_stm32f446xx.o(.text)
    DMA2_Stream1_IRQHandler                  0x08000363   Thumb Code     0  startup_stm32f446xx.o(.text)
    DMA2_Stream2_IRQHandler                  0x08000363   Thumb Code     0  startup_stm32f446xx.o(.text)
    DMA2_Stream3_IRQHandler                  0x08000363   Thumb Code     0  startup_stm32f446xx.o(.text)
    DMA2_Stream4_IRQHandler                  0x08000363   Thumb Code     0  startup_stm32f446xx.o(.text)
    DMA2_Stream5_IRQHandler                  0x08000363   Thumb Code     0  startup_stm32f446xx.o(.text)
    DMA2_Stream6_IRQHandler                  0x08000363   Thumb Code     0  startup_stm32f446xx.o(.text)
    DMA2_Stream7_IRQHandler                  0x08000363   Thumb Code     0  startup_stm32f446xx.o(.text)
    EXTI0_IRQHandler                         0x08000363   Thumb Code     0  startup_stm32f446xx.o(.text)
    EXTI15_10_IRQHandler                     0x08000363   Thumb Code     0  startup_stm32f446xx.o(.text)
    EXTI1_IRQHandler                         0x08000363   Thumb Code     0  startup_stm32f446xx.o(.text)
    EXTI2_IRQHandler                         0x08000363   Thumb Code     0  startup_stm32f446xx.o(.text)
    EXTI3_IRQHandler                         0x08000363   Thumb Code     0  startup_stm32f446xx.o(.text)
    EXTI4_IRQHandler                         0x08000363   Thumb Code     0  startup_stm32f446xx.o(.text)
    EXTI9_5_IRQHandler                       0x08000363   Thumb Code     0  startup_stm32f446xx.o(.text)
    FLASH_IRQHandler                         0x08000363   Thumb Code     0  startup_stm32f446xx.o(.text)
    FMC_IRQHandler                           0x08000363   Thumb Code     0  startup_stm32f446xx.o(.text)
    FMPI2C1_ER_IRQHandler                    0x08000363   Thumb Code     0  startup_stm32f446xx.o(.text)
    FMPI2C1_EV_IRQHandler                    0x08000363   Thumb Code     0  startup_stm32f446xx.o(.text)
    FPU_IRQHandler                           0x08000363   Thumb Code     0  startup_stm32f446xx.o(.text)
    I2C1_ER_IRQHandler                       0x08000363   Thumb Code     0  startup_stm32f446xx.o(.text)
    I2C1_EV_IRQHandler                       0x08000363   Thumb Code     0  startup_stm32f446xx.o(.text)
    I2C2_ER_IRQHandler                       0x08000363   Thumb Code     0  startup_stm32f446xx.o(.text)
    I2C2_EV_IRQHandler                       0x08000363   Thumb Code     0  startup_stm32f446xx.o(.text)
    I2C3_ER_IRQHandler                       0x08000363   Thumb Code     0  startup_stm32f446xx.o(.text)
    I2C3_EV_IRQHandler                       0x08000363   Thumb Code     0  startup_stm32f446xx.o(.text)
    OTG_FS_IRQHandler                        0x08000363   Thumb Code     0  startup_stm32f446xx.o(.text)
    OTG_FS_WKUP_IRQHandler                   0x08000363   Thumb Code     0  startup_stm32f446xx.o(.text)
    OTG_HS_EP1_IN_IRQHandler                 0x08000363   Thumb Code     0  startup_stm32f446xx.o(.text)
    OTG_HS_EP1_OUT_IRQHandler                0x08000363   Thumb Code     0  startup_stm32f446xx.o(.text)
    OTG_HS_IRQHandler                        0x08000363   Thumb Code     0  startup_stm32f446xx.o(.text)
    OTG_HS_WKUP_IRQHandler                   0x08000363   Thumb Code     0  startup_stm32f446xx.o(.text)
    PVD_IRQHandler                           0x08000363   Thumb Code     0  startup_stm32f446xx.o(.text)
    QUADSPI_IRQHandler                       0x08000363   Thumb Code     0  startup_stm32f446xx.o(.text)
    RCC_IRQHandler                           0x08000363   Thumb Code     0  startup_stm32f446xx.o(.text)
    RTC_Alarm_IRQHandler                     0x08000363   Thumb Code     0  startup_stm32f446xx.o(.text)
    RTC_WKUP_IRQHandler                      0x08000363   Thumb Code     0  startup_stm32f446xx.o(.text)
    SAI1_IRQHandler                          0x08000363   Thumb Code     0  startup_stm32f446xx.o(.text)
    SAI2_IRQHandler                          0x08000363   Thumb Code     0  startup_stm32f446xx.o(.text)
    SDIO_IRQHandler                          0x08000363   Thumb Code     0  startup_stm32f446xx.o(.text)
    SPDIF_RX_IRQHandler                      0x08000363   Thumb Code     0  startup_stm32f446xx.o(.text)
    SPI1_IRQHandler                          0x08000363   Thumb Code     0  startup_stm32f446xx.o(.text)
    SPI2_IRQHandler                          0x08000363   Thumb Code     0  startup_stm32f446xx.o(.text)
    SPI3_IRQHandler                          0x08000363   Thumb Code     0  startup_stm32f446xx.o(.text)
    SPI4_IRQHandler                          0x08000363   Thumb Code     0  startup_stm32f446xx.o(.text)
    TAMP_STAMP_IRQHandler                    0x08000363   Thumb Code     0  startup_stm32f446xx.o(.text)
    TIM1_BRK_TIM9_IRQHandler                 0x08000363   Thumb Code     0  startup_stm32f446xx.o(.text)
    TIM1_CC_IRQHandler                       0x08000363   Thumb Code     0  startup_stm32f446xx.o(.text)
    TIM1_TRG_COM_TIM11_IRQHandler            0x08000363   Thumb Code     0  startup_stm32f446xx.o(.text)
    TIM1_UP_TIM10_IRQHandler                 0x08000363   Thumb Code     0  startup_stm32f446xx.o(.text)
    TIM2_IRQHandler                          0x08000363   Thumb Code     0  startup_stm32f446xx.o(.text)
    TIM3_IRQHandler                          0x08000363   Thumb Code     0  startup_stm32f446xx.o(.text)
    TIM4_IRQHandler                          0x08000363   Thumb Code     0  startup_stm32f446xx.o(.text)
    TIM5_IRQHandler                          0x08000363   Thumb Code     0  startup_stm32f446xx.o(.text)
    TIM7_IRQHandler                          0x08000363   Thumb Code     0  startup_stm32f446xx.o(.text)
    TIM8_BRK_TIM12_IRQHandler                0x08000363   Thumb Code     0  startup_stm32f446xx.o(.text)
    TIM8_CC_IRQHandler                       0x08000363   Thumb Code     0  startup_stm32f446xx.o(.text)
    TIM8_TRG_COM_TIM14_IRQHandler            0x08000363   Thumb Code     0  startup_stm32f446xx.o(.text)
    TIM8_UP_TIM13_IRQHandler                 0x08000363   Thumb Code     0  startup_stm32f446xx.o(.text)
    USART1_IRQHandler                        0x08000363   Thumb Code     0  startup_stm32f446xx.o(.text)
    USART3_IRQHandler                        0x08000363   Thumb Code     0  startup_stm32f446xx.o(.text)
    USART6_IRQHandler                        0x08000363   Thumb Code     0  startup_stm32f446xx.o(.text)
    WWDG_IRQHandler                          0x08000363   Thumb Code     0  startup_stm32f446xx.o(.text)
    __user_initial_stackheap                 0x08000365   Thumb Code     0  startup_stm32f446xx.o(.text)
    sprintf                                  0x08000389   Thumb Code    38  sprintf.o(.text)
    sscanf                                   0x080003b5   Thumb Code    52  sscanf.o(.text)
    srand                                    0x080003f1   Thumb Code    42  rand.o(.text)
    _rand_init                               0x0800041b   Thumb Code     4  rand.o(.text)
    strcpy                                   0x0800042d   Thumb Code    72  strcpy.o(.text)
    strlen                                   0x08000475   Thumb Code    62  strlen.o(.text)
    __use_two_region_memory                  0x080004b3   Thumb Code     2  heapauxi.o(.text)
    __rt_heap_escrow$2region                 0x080004b5   Thumb Code     2  heapauxi.o(.text)
    __rt_heap_expand$2region                 0x080004b7   Thumb Code     2  heapauxi.o(.text)
    _printf_pre_padding                      0x080004b9   Thumb Code    44  _printf_pad.o(.text)
    _printf_post_padding                     0x080004e5   Thumb Code    34  _printf_pad.o(.text)
    _printf_truncate_signed                  0x08000507   Thumb Code    18  _printf_truncate.o(.text)
    _printf_truncate_unsigned                0x08000519   Thumb Code    18  _printf_truncate.o(.text)
    _printf_str                              0x0800052b   Thumb Code    82  _printf_str.o(.text)
    _printf_int_dec                          0x0800057d   Thumb Code   104  _printf_dec.o(.text)
    _printf_charcount                        0x080005f5   Thumb Code    40  _printf_charcount.o(.text)
    _printf_char_common                      0x08000627   Thumb Code    32  _printf_char_common.o(.text)
    _sputc                                   0x0800064d   Thumb Code    10  _sputc.o(.text)
    _printf_wctomb                           0x08000659   Thumb Code   182  _printf_wctomb.o(.text)
    _printf_longlong_dec                     0x08000715   Thumb Code   108  _printf_longlong_dec.o(.text)
    _printf_longlong_oct                     0x08000791   Thumb Code    68  _printf_oct_int_ll.o(.text)
    _printf_int_oct                          0x080007d5   Thumb Code    24  _printf_oct_int_ll.o(.text)
    _printf_ll_oct                           0x080007ed   Thumb Code    12  _printf_oct_int_ll.o(.text)
    _printf_longlong_hex                     0x08000801   Thumb Code    86  _printf_hex_int_ll_ptr.o(.text)
    _printf_int_hex                          0x08000857   Thumb Code    28  _printf_hex_int_ll_ptr.o(.text)
    _printf_ll_hex                           0x08000873   Thumb Code    12  _printf_hex_int_ll_ptr.o(.text)
    _printf_hex_ptr                          0x0800087f   Thumb Code    18  _printf_hex_int_ll_ptr.o(.text)
    __printf                                 0x08000895   Thumb Code   388  __printf_flags_ss_wp.o(.text)
    _scanf_longlong                          0x08000a1d   Thumb Code   342  _scanf_longlong.o(.text)
    _scanf_int                               0x08000b73   Thumb Code   332  _scanf_int.o(.text)
    _scanf_string                            0x08000cbf   Thumb Code   224  _scanf_str.o(.text)
    __vfscanf_char                           0x08000dad   Thumb Code    24  scanf_char.o(.text)
    _sgetc                                   0x08000dcd   Thumb Code    30  _sgetc.o(.text)
    _sbackspace                              0x08000deb   Thumb Code    34  _sgetc.o(.text)
    _scanf_mbtowc                            0x08000e0d   Thumb Code   276  _scanf_mbtowc.o(.text)
    _scanf_wctomb                            0x08000f21   Thumb Code   232  _scanf_wctomb.o(.text)
    _scanf_wstring                           0x08001009   Thumb Code   208  _scanf_wstr.o(.text)
    _ll_udiv10                               0x080010d9   Thumb Code   138  lludiv10.o(.text)
    isspace                                  0x08001163   Thumb Code    18  isspace.o(.text)
    _printf_int_common                       0x08001175   Thumb Code   178  _printf_intcommon.o(.text)
    _printf_fp_dec_real                      0x080013d7   Thumb Code   620  _printf_fp_dec.o(.text)
    _printf_fp_hex_real                      0x08001645   Thumb Code   756  _printf_fp_hex.o(.text)
    _printf_cs_common                        0x08001941   Thumb Code    20  _printf_char.o(.text)
    _printf_char                             0x08001955   Thumb Code    16  _printf_char.o(.text)
    _printf_string                           0x08001965   Thumb Code     8  _printf_char.o(.text)
    _printf_lcs_common                       0x0800196d   Thumb Code    20  _printf_wchar.o(.text)
    _printf_wchar                            0x08001981   Thumb Code    16  _printf_wchar.o(.text)
    _printf_wstring                          0x08001991   Thumb Code     8  _printf_wchar.o(.text)
    _chval                                   0x08001999   Thumb Code    28  _chval.o(.text)
    __vfscanf                                0x080019b5   Thumb Code   878  _scanf.o(.text)
    _scanf_really_real                       0x08001f75   Thumb Code   684  scanf_fp.o(.text)
    _scanf_wcharmap                          0x08002221   Thumb Code    30  _scanf_wcharmap.o(.text)
    _mbrtoc16                                0x0800223f   Thumb Code    64  _mbrtoc16.o(.text)
    _mbrtowc                                 0x0800223f   Thumb Code     0  _mbrtoc16.o(.text)
    _c16rtomb                                0x0800227f   Thumb Code    72  _c16rtomb.o(.text)
    _wcrtomb                                 0x0800227f   Thumb Code     0  _c16rtomb.o(.text)
    __user_setup_stackheap                   0x080022c7   Thumb Code    74  sys_stackheap_outer.o(.text)
    __rt_ctype_table                         0x08002311   Thumb Code    16  rt_ctype_table.o(.text)
    __rt_locale                              0x08002321   Thumb Code     8  rt_locale_intlibspace.o(.text)
    __aeabi_errno_addr                       0x08002329   Thumb Code     8  rt_errno_addr_intlibspace.o(.text)
    __errno$intlibspace                      0x08002329   Thumb Code     0  rt_errno_addr_intlibspace.o(.text)
    __rt_errno_addr$intlibspace              0x08002329   Thumb Code     0  rt_errno_addr_intlibspace.o(.text)
    __aeabi_llsl                             0x08002331   Thumb Code     0  llshl.o(.text)
    _ll_shift_l                              0x08002331   Thumb Code    38  llshl.o(.text)
    _printf_fp_infnan                        0x08002359   Thumb Code   112  _printf_fp_infnan.o(.text)
    _btod_etento                             0x080023d9   Thumb Code   224  bigflt0.o(.text)
    exit                                     0x080024bd   Thumb Code    18  exit.o(.text)
    __user_libspace                          0x080024d1   Thumb Code     8  libspace.o(.text)
    __user_perproc_libspace                  0x080024d1   Thumb Code     0  libspace.o(.text)
    __user_perthread_libspace                0x080024d1   Thumb Code     0  libspace.o(.text)
    __read_errno                             0x080024d9   Thumb Code    10  _rserrno.o(.text)
    __set_errno                              0x080024e3   Thumb Code    12  _rserrno.o(.text)
    _scanf_really_hex_real                   0x080024f1   Thumb Code   786  scanf_hexfp.o(.text)
    _scanf_really_infnan                     0x08002811   Thumb Code   292  scanf_infnan.o(.text)
    strcmp                                   0x08002949   Thumb Code   124  strcmpv7em.o(.text)
    __I$use$semihosting                      0x080029c5   Thumb Code     0  use_no_semi.o(.text)
    __use_no_semihosting_swi                 0x080029c5   Thumb Code     2  use_no_semi.o(.text)
    __semihosting_library_function           0x080029c7   Thumb Code     0  indicate_semi.o(.text)
    _sys_exit                                0x080029c9   Thumb Code     8  sys_exit.o(.text)
    GPIO_Init                                0x080029d5   Thumb Code    30  gpio.o(.text.GPIO_Init)
    GPIO_ReadPin                             0x080029f5   Thumb Code    38  gpio.o(.text.GPIO_ReadPin)
    GPIO_WritePin                            0x08002a1d   Thumb Code    84  gpio.o(.text.GPIO_WritePin)
    RefreshLoad                              0x08002a71   Thumb Code   598  main.o(.text.RefreshLoad)
    SysTick_Handler                          0x08002d1d   Thumb Code    16  sys_init.o(.text.SysTick_Handler)
    SystemInit                               0x08002d2d   Thumb Code    18  system_stm32f4xx.o(.text.SystemInit)
    TIM6_Config                              0x08002d41   Thumb Code    86  main.o(.text.TIM6_Config)
    TIM6_DAC_IRQHandler                      0x08002d99   Thumb Code    50  main.o(.text.TIM6_DAC_IRQHandler)
    UART2_Config                             0x08002dcd   Thumb Code   162  usart.o(.text.UART2_Config)
    UART4_IRQHandler                         0x08002e71   Thumb Code   150  main.o(.text.UART4_IRQHandler)
    UART5_IRQHandler                         0x08002f09   Thumb Code   150  main.o(.text.UART5_IRQHandler)
    UART_GetChar                             0x08002fa1   Thumb Code    36  usart.o(.text.UART_GetChar)
    UART_SendChar                            0x08002fc5   Thumb Code    36  usart.o(.text.UART_SendChar)
    UART_SendString                          0x08002fe9   Thumb Code    40  usart.o(.text.UART_SendString)
    USART2_IRQHandler                        0x08003011   Thumb Code    40  main.o(.text.USART2_IRQHandler)
    getString                                0x080030f1   Thumb Code   112  main.o(.text.getString)
    initClock                                0x08003161   Thumb Code   214  clock.o(.text.initClock)
    main                                     0x08003239   Thumb Code  4252  main.o(.text.main)
    ms_delay                                 0x080042d5   Thumb Code    48  sys_init.o(.text.ms_delay)
    parseCommand                             0x08004305   Thumb Code   536  main.o(.text.parseCommand)
    printStatus                              0x0800451d   Thumb Code   148  main.o(.text.printStatus)
    random                                   0x080045b1   Thumb Code    40  main.o(.text.random)
    sysInit                                  0x080045d9   Thumb Code    16  sys_init.o(.text.sysInit)
    _btod_d2e                                0x080045e9   Thumb Code    62  btod.o(CL$$btod_d2e)
    _d2e_denorm_low                          0x08004627   Thumb Code    70  btod.o(CL$$btod_d2e_denorm_low)
    _d2e_norm_op1                            0x0800466d   Thumb Code    96  btod.o(CL$$btod_d2e_norm_op1)
    __btod_div_common                        0x080046cd   Thumb Code   696  btod.o(CL$$btod_div_common)
    _e2d                                     0x08004a05   Thumb Code   122  btod.o(CL$$btod_e2d)
    _e2e                                     0x08004a89   Thumb Code   220  btod.o(CL$$btod_e2e)
    _btod_ediv                               0x08004b65   Thumb Code    42  btod.o(CL$$btod_ediv)
    _btod_edivd                              0x08004b8f   Thumb Code    42  btod.o(CL$$btod_edivd)
    _btod_emul                               0x08004bb9   Thumb Code    42  btod.o(CL$$btod_emul)
    _btod_emuld                              0x08004be3   Thumb Code    42  btod.o(CL$$btod_emuld)
    __btod_mult_common                       0x08004c0d   Thumb Code   580  btod.o(CL$$btod_mult_common)
    __ARM_fpclassify                         0x08004e51   Thumb Code    48  fpclassify.o(i.__ARM_fpclassify)
    __hardfp___mathlib_tofloat               0x08004e81   Thumb Code   232  narrow.o(i.__hardfp___mathlib_tofloat)
    __hardfp_ldexp                           0x08004f79   Thumb Code   200  ldexp.o(i.__hardfp_ldexp)
    __mathlib_dbl_overflow                   0x08005049   Thumb Code    24  dunder.o(i.__mathlib_dbl_overflow)
    __mathlib_dbl_underflow                  0x08005069   Thumb Code    24  dunder.o(i.__mathlib_dbl_underflow)
    __mathlib_narrow                         0x08005089   Thumb Code    18  narrow.o(i.__mathlib_narrow)
    __support_ldexp                          0x0800509b   Thumb Code    20  ldexp.o(i.__support_ldexp)
    _is_digit                                0x080050af   Thumb Code    14  __printf_wp.o(i._is_digit)
    frexp                                    0x080050c1   Thumb Code   118  frexp.o(i.frexp)
    _get_lc_numeric                          0x0800514d   Thumb Code    44  lc_numeric_c.o(locale$$code)
    _get_lc_ctype                            0x08005179   Thumb Code    44  lc_ctype_c.o(locale$$code)
    __aeabi_d2f                              0x080051a5   Thumb Code     0  d2f.o(x$fpl$d2f)
    _d2f                                     0x080051a5   Thumb Code    98  d2f.o(x$fpl$d2f)
    __fpl_dcheck_NaN1                        0x08005209   Thumb Code    10  dcheck1.o(x$fpl$dcheck1)
    __fpl_dcmp_Inf                           0x08005219   Thumb Code    24  dcmpi.o(x$fpl$dcmpinf)
    __aeabi_cdcmpeq                          0x08005231   Thumb Code     0  deqf.o(x$fpl$deqf)
    _dcmpeq                                  0x08005231   Thumb Code   120  deqf.o(x$fpl$deqf)
    __aeabi_cdcmple                          0x080052a9   Thumb Code     0  dleqf.o(x$fpl$dleqf)
    _dcmple                                  0x080052a9   Thumb Code   120  dleqf.o(x$fpl$dleqf)
    __fpl_dcmple_InfNaN                      0x0800530b   Thumb Code     0  dleqf.o(x$fpl$dleqf)
    __aeabi_dmul                             0x08005321   Thumb Code     0  dmul.o(x$fpl$dmul)
    _dmul                                    0x08005321   Thumb Code   332  dmul.o(x$fpl$dmul)
    __fpl_dnaninf                            0x08005475   Thumb Code   156  dnaninf.o(x$fpl$dnaninf)
    __fpl_dretinf                            0x08005511   Thumb Code    12  dretinf.o(x$fpl$dretinf)
    __aeabi_cdrcmple                         0x0800551d   Thumb Code     0  drleqf.o(x$fpl$drleqf)
    _drcmple                                 0x0800551d   Thumb Code   108  drleqf.o(x$fpl$drleqf)
    _fp_init                                 0x08005589   Thumb Code    26  fpinit.o(x$fpl$fpinit)
    __fplib_config_fpu_vfp                   0x080055a1   Thumb Code     0  fpinit.o(x$fpl$fpinit)
    __fplib_config_pureend_doubles           0x080055a1   Thumb Code     0  fpinit.o(x$fpl$fpinit)
    __fpl_fretinf                            0x080055a3   Thumb Code    10  fretinf.o(x$fpl$fretinf)
    __ieee_status                            0x080055ad   Thumb Code     6  istatus.o(x$fpl$ieeestatus)
    _printf_fp_dec                           0x080055b3   Thumb Code     4  printf1.o(x$fpl$printf1)
    _printf_fp_hex                           0x080055b7   Thumb Code     4  printf2.o(x$fpl$printf2)
    __fpl_return_NaN                         0x080055bb   Thumb Code   100  retnan.o(x$fpl$retnan)
    __ARM_scalbn                             0x0800561f   Thumb Code    92  scalbn.o(x$fpl$scalbn)
    _scanf_real                              0x0800567b   Thumb Code     4  scanf1.o(x$fpl$scanf1)
    _scanf_hex_real                          0x0800567f   Thumb Code     4  scanf2.o(x$fpl$scanf2)
    _scanf_infnan                            0x08005683   Thumb Code     4  scanf2.o(x$fpl$scanf2)
    __fpl_cmpreturn                          0x08005687   Thumb Code    48  trapv.o(x$fpl$trapveneer)
    __I$use$fp                               0x080056b6   Number         0  usenofp.o(x$fpl$usenofp)
    Region$$Table$$Base                      0x08005ae4   Number         0  anon$$obj.o(Region$$Table)
    Region$$Table$$Limit                     0x08005b04   Number         0  anon$$obj.o(Region$$Table)
    __aeabi_HUGE_VAL                         0x08005b04   Data           0  fpconst.o(c$$dinf)
    __aeabi_HUGE_VALL                        0x08005b04   Data           0  fpconst.o(c$$dinf)
    __aeabi_INFINITY                         0x08005b04   Data           0  fpconst.o(c$$dinf)
    __dInf                                   0x08005b04   Data           0  fpconst.o(c$$dinf)
    __huge_val                               0x08005b04   Data           0  fpconst.o(c$$dinf)
    __dbl_max                                0x08005b0c   Data           0  fpconst.o(c$$dmax)
    __ctype                                  0x08005b3d   Data           0  lc_ctype_c.o(locale$$data)
    G                                        0x20000000   Data           4  main.o(.data.G)
    L                                        0x20000004   Data           4  main.o(.data.L)
    R                                        0x20000008   Data           4  main.o(.data.R)
    Y                                        0x2000000c   Data           4  main.o(.data.Y)
    frame_period                             0x20000010   Data           4  main.o(.data.frame_period)
    logBuffer                                0x20000018   Data           4  main.o(.data.logBuffer)
    _random_number_data                      0x20000020   Data         228  rand.o(.bss)
    __libspace_start                         0x20000104   Data          96  libspace.o(.bss)
    __temporary_stack_top$libspace           0x20000164   Data           0  libspace.o(.bss)
    counter                                  0x20000164   Data           4  main.o(.bss.counter)
    logLoad                                  0x200001a0   Data         800  main.o(.bss.logLoad)
    logTrafficLR                             0x200004c0   Data        1200  main.o(.bss.logTrafficLR)
    logTrafficUD                             0x20000970   Data        1200  main.o(.bss.logTrafficUD)



==============================================================================

Memory Map of the image

  Image Entry point : 0x08000349

  Load Region LR_1 (Base: 0x08000000, Size: 0x00005c5c, Max: 0xffffffff, ABSOLUTE)

    Execution Region ER_RO (Exec base: 0x08000000, Load base: 0x08000000, Size: 0x00005c40, Max: 0xffffffff, ABSOLUTE)

    Exec Addr    Load Addr    Size         Type   Attr      Idx    E Section Name        Object

    0x08000000   0x08000000   0x000001c4   Data   RO          152    RESET               startup_stm32f446xx.o
    0x080001c4   0x080001c4   0x00000008   Code   RO          190  * !!!main             c_w.l(__main.o)
    0x080001cc   0x080001cc   0x00000034   Code   RO          655    !!!scatter          c_w.l(__scatter.o)
    0x08000200   0x08000200   0x0000001a   Code   RO          657    !!handler_copy      c_w.l(__scatter_copy.o)
    0x0800021a   0x0800021a   0x00000002   PAD
    0x0800021c   0x0800021c   0x0000001c   Code   RO          659    !!handler_zi        c_w.l(__scatter_zi.o)
    0x08000238   0x08000238   0x00000000   Code   RO          274    .ARM.Collect$$_printf_percent$$00000000  c_w.l(_printf_percent.o)
    0x08000238   0x08000238   0x00000006   Code   RO          263    .ARM.Collect$$_printf_percent$$00000001  c_w.l(_printf_n.o)
    0x0800023e   0x0800023e   0x00000006   Code   RO          265    .ARM.Collect$$_printf_percent$$00000002  c_w.l(_printf_p.o)
    0x08000244   0x08000244   0x00000006   Code   RO          270    .ARM.Collect$$_printf_percent$$00000003  c_w.l(_printf_f.o)
    0x0800024a   0x0800024a   0x00000006   Code   RO          271    .ARM.Collect$$_printf_percent$$00000004  c_w.l(_printf_e.o)
    0x08000250   0x08000250   0x00000006   Code   RO          272    .ARM.Collect$$_printf_percent$$00000005  c_w.l(_printf_g.o)
    0x08000256   0x08000256   0x00000006   Code   RO          273    .ARM.Collect$$_printf_percent$$00000006  c_w.l(_printf_a.o)
    0x0800025c   0x0800025c   0x0000000a   Code   RO          278    .ARM.Collect$$_printf_percent$$00000007  c_w.l(_printf_ll.o)
    0x08000266   0x08000266   0x00000006   Code   RO          267    .ARM.Collect$$_printf_percent$$00000008  c_w.l(_printf_i.o)
    0x0800026c   0x0800026c   0x00000006   Code   RO          268    .ARM.Collect$$_printf_percent$$00000009  c_w.l(_printf_d.o)
    0x08000272   0x08000272   0x00000006   Code   RO          269    .ARM.Collect$$_printf_percent$$0000000A  c_w.l(_printf_u.o)
    0x08000278   0x08000278   0x00000006   Code   RO          266    .ARM.Collect$$_printf_percent$$0000000B  c_w.l(_printf_o.o)
    0x0800027e   0x0800027e   0x00000006   Code   RO          264    .ARM.Collect$$_printf_percent$$0000000C  c_w.l(_printf_x.o)
    0x08000284   0x08000284   0x00000006   Code   RO          275    .ARM.Collect$$_printf_percent$$0000000D  c_w.l(_printf_lli.o)
    0x0800028a   0x0800028a   0x00000006   Code   RO          276    .ARM.Collect$$_printf_percent$$0000000E  c_w.l(_printf_lld.o)
    0x08000290   0x08000290   0x00000006   Code   RO          277    .ARM.Collect$$_printf_percent$$0000000F  c_w.l(_printf_llu.o)
    0x08000296   0x08000296   0x00000006   Code   RO          282    .ARM.Collect$$_printf_percent$$00000010  c_w.l(_printf_llo.o)
    0x0800029c   0x0800029c   0x00000006   Code   RO          283    .ARM.Collect$$_printf_percent$$00000011  c_w.l(_printf_llx.o)
    0x080002a2   0x080002a2   0x0000000a   Code   RO          279    .ARM.Collect$$_printf_percent$$00000012  c_w.l(_printf_l.o)
    0x080002ac   0x080002ac   0x00000006   Code   RO          261    .ARM.Collect$$_printf_percent$$00000013  c_w.l(_printf_c.o)
    0x080002b2   0x080002b2   0x00000006   Code   RO          262    .ARM.Collect$$_printf_percent$$00000014  c_w.l(_printf_s.o)
    0x080002b8   0x080002b8   0x00000006   Code   RO          280    .ARM.Collect$$_printf_percent$$00000015  c_w.l(_printf_lc.o)
    0x080002be   0x080002be   0x00000006   Code   RO          281    .ARM.Collect$$_printf_percent$$00000016  c_w.l(_printf_ls.o)
    0x080002c4   0x080002c4   0x00000004   Code   RO          389    .ARM.Collect$$_printf_percent$$00000017  c_w.l(_printf_percent_end.o)
    0x080002c8   0x080002c8   0x00000002   Code   RO          470    .ARM.Collect$$libinit$$00000000  c_w.l(libinit.o)
    0x080002ca   0x080002ca   0x00000004   Code   RO          300    .ARM.Collect$$libinit$$00000001  c_w.l(libinit2.o)
    0x080002ce   0x080002ce   0x00000000   Code   RO          303    .ARM.Collect$$libinit$$00000004  c_w.l(libinit2.o)
    0x080002ce   0x080002ce   0x00000000   Code   RO          306    .ARM.Collect$$libinit$$0000000A  c_w.l(libinit2.o)
    0x080002ce   0x080002ce   0x00000000   Code   RO          308    .ARM.Collect$$libinit$$0000000C  c_w.l(libinit2.o)
    0x080002ce   0x080002ce   0x00000004   Code   RO          309    .ARM.Collect$$libinit$$0000000D  c_w.l(libinit2.o)
    0x080002d2   0x080002d2   0x00000000   Code   RO          310    .ARM.Collect$$libinit$$0000000E  c_w.l(libinit2.o)
    0x080002d2   0x080002d2   0x00000006   Code   RO          311    .ARM.Collect$$libinit$$0000000F  c_w.l(libinit2.o)
    0x080002d8   0x080002d8   0x00000000   Code   RO          313    .ARM.Collect$$libinit$$00000011  c_w.l(libinit2.o)
    0x080002d8   0x080002d8   0x0000000c   Code   RO          314    .ARM.Collect$$libinit$$00000012  c_w.l(libinit2.o)
    0x080002e4   0x080002e4   0x00000000   Code   RO          315    .ARM.Collect$$libinit$$00000013  c_w.l(libinit2.o)
    0x080002e4   0x080002e4   0x00000000   Code   RO          317    .ARM.Collect$$libinit$$00000015  c_w.l(libinit2.o)
    0x080002e4   0x080002e4   0x0000000a   Code   RO          318    .ARM.Collect$$libinit$$00000016  c_w.l(libinit2.o)
    0x080002ee   0x080002ee   0x00000000   Code   RO          319    .ARM.Collect$$libinit$$00000017  c_w.l(libinit2.o)
    0x080002ee   0x080002ee   0x00000000   Code   RO          321    .ARM.Collect$$libinit$$00000019  c_w.l(libinit2.o)
    0x080002ee   0x080002ee   0x00000000   Code   RO          323    .ARM.Collect$$libinit$$0000001B  c_w.l(libinit2.o)
    0x080002ee   0x080002ee   0x00000000   Code   RO          325    .ARM.Collect$$libinit$$0000001D  c_w.l(libinit2.o)
    0x080002ee   0x080002ee   0x00000000   Code   RO          327    .ARM.Collect$$libinit$$0000001F  c_w.l(libinit2.o)
    0x080002ee   0x080002ee   0x00000000   Code   RO          329    .ARM.Collect$$libinit$$00000021  c_w.l(libinit2.o)
    0x080002ee   0x080002ee   0x00000000   Code   RO          331    .ARM.Collect$$libinit$$00000023  c_w.l(libinit2.o)
    0x080002ee   0x080002ee   0x00000000   Code   RO          333    .ARM.Collect$$libinit$$00000025  c_w.l(libinit2.o)
    0x080002ee   0x080002ee   0x00000000   Code   RO          337    .ARM.Collect$$libinit$$0000002C  c_w.l(libinit2.o)
    0x080002ee   0x080002ee   0x00000000   Code   RO          339    .ARM.Collect$$libinit$$0000002E  c_w.l(libinit2.o)
    0x080002ee   0x080002ee   0x00000000   Code   RO          341    .ARM.Collect$$libinit$$00000030  c_w.l(libinit2.o)
    0x080002ee   0x080002ee   0x00000000   Code   RO          343    .ARM.Collect$$libinit$$00000032  c_w.l(libinit2.o)
    0x080002ee   0x080002ee   0x00000002   Code   RO          344    .ARM.Collect$$libinit$$00000033  c_w.l(libinit2.o)
    0x080002f0   0x080002f0   0x00000002   Code   RO          580    .ARM.Collect$$libshutdown$$00000000  c_w.l(libshutdown.o)
    0x080002f2   0x080002f2   0x00000000   Code   RO          606    .ARM.Collect$$libshutdown$$00000002  c_w.l(libshutdown2.o)
    0x080002f2   0x080002f2   0x00000000   Code   RO          608    .ARM.Collect$$libshutdown$$00000004  c_w.l(libshutdown2.o)
    0x080002f2   0x080002f2   0x00000000   Code   RO          611    .ARM.Collect$$libshutdown$$00000007  c_w.l(libshutdown2.o)
    0x080002f2   0x080002f2   0x00000000   Code   RO          614    .ARM.Collect$$libshutdown$$0000000A  c_w.l(libshutdown2.o)
    0x080002f2   0x080002f2   0x00000000   Code   RO          616    .ARM.Collect$$libshutdown$$0000000C  c_w.l(libshutdown2.o)
    0x080002f2   0x080002f2   0x00000000   Code   RO          619    .ARM.Collect$$libshutdown$$0000000F  c_w.l(libshutdown2.o)
    0x080002f2   0x080002f2   0x00000002   Code   RO          620    .ARM.Collect$$libshutdown$$00000010  c_w.l(libshutdown2.o)
    0x080002f4   0x080002f4   0x00000000   Code   RO          192    .ARM.Collect$$rtentry$$00000000  c_w.l(__rtentry.o)
    0x080002f4   0x080002f4   0x00000000   Code   RO          356    .ARM.Collect$$rtentry$$00000002  c_w.l(__rtentry2.o)
    0x080002f4   0x080002f4   0x00000006   Code   RO          368    .ARM.Collect$$rtentry$$00000004  c_w.l(__rtentry4.o)
    0x080002fa   0x080002fa   0x00000000   Code   RO          358    .ARM.Collect$$rtentry$$00000009  c_w.l(__rtentry2.o)
    0x080002fa   0x080002fa   0x00000004   Code   RO          359    .ARM.Collect$$rtentry$$0000000A  c_w.l(__rtentry2.o)
    0x080002fe   0x080002fe   0x00000000   Code   RO          361    .ARM.Collect$$rtentry$$0000000C  c_w.l(__rtentry2.o)
    0x080002fe   0x080002fe   0x00000008   Code   RO          362    .ARM.Collect$$rtentry$$0000000D  c_w.l(__rtentry2.o)
    0x08000306   0x08000306   0x00000002   Code   RO          501    .ARM.Collect$$rtexit$$00000000  c_w.l(rtexit.o)
    0x08000308   0x08000308   0x00000000   Code   RO          538    .ARM.Collect$$rtexit$$00000002  c_w.l(rtexit2.o)
    0x08000308   0x08000308   0x00000004   Code   RO          539    .ARM.Collect$$rtexit$$00000003  c_w.l(rtexit2.o)
    0x0800030c   0x0800030c   0x00000006   Code   RO          540    .ARM.Collect$$rtexit$$00000004  c_w.l(rtexit2.o)
    0x08000312   0x08000312   0x00000002   PAD
    0x08000314   0x08000314   0x00000034   Code   RO          179    .emb_text           c_w.l(rand.o)
    0x08000348   0x08000348   0x00000040   Code   RO          153  * .text               startup_stm32f446xx.o
    0x08000388   0x08000388   0x0000002c   Code   RO          175    .text               c_w.l(sprintf.o)
    0x080003b4   0x080003b4   0x0000003c   Code   RO          177    .text               c_w.l(sscanf.o)
    0x080003f0   0x080003f0   0x0000003c   Code   RO          180    .text               c_w.l(rand.o)
    0x0800042c   0x0800042c   0x00000048   Code   RO          184    .text               c_w.l(strcpy.o)
    0x08000474   0x08000474   0x0000003e   Code   RO          186    .text               c_w.l(strlen.o)
    0x080004b2   0x080004b2   0x00000006   Code   RO          188    .text               c_w.l(heapauxi.o)
    0x080004b8   0x080004b8   0x0000004e   Code   RO          195    .text               c_w.l(_printf_pad.o)
    0x08000506   0x08000506   0x00000024   Code   RO          197    .text               c_w.l(_printf_truncate.o)
    0x0800052a   0x0800052a   0x00000052   Code   RO          199    .text               c_w.l(_printf_str.o)
    0x0800057c   0x0800057c   0x00000078   Code   RO          201    .text               c_w.l(_printf_dec.o)
    0x080005f4   0x080005f4   0x00000028   Code   RO          203    .text               c_w.l(_printf_charcount.o)
    0x0800061c   0x0800061c   0x00000030   Code   RO          205    .text               c_w.l(_printf_char_common.o)
    0x0800064c   0x0800064c   0x0000000a   Code   RO          207    .text               c_w.l(_sputc.o)
    0x08000656   0x08000656   0x00000002   PAD
    0x08000658   0x08000658   0x000000bc   Code   RO          209    .text               c_w.l(_printf_wctomb.o)
    0x08000714   0x08000714   0x0000007c   Code   RO          212    .text               c_w.l(_printf_longlong_dec.o)
    0x08000790   0x08000790   0x00000070   Code   RO          218    .text               c_w.l(_printf_oct_int_ll.o)
    0x08000800   0x08000800   0x00000094   Code   RO          238    .text               c_w.l(_printf_hex_int_ll_ptr.o)
    0x08000894   0x08000894   0x00000188   Code   RO          258    .text               c_w.l(__printf_flags_ss_wp.o)
    0x08000a1c   0x08000a1c   0x00000156   Code   RO          284    .text               c_w.l(_scanf_longlong.o)
    0x08000b72   0x08000b72   0x0000014c   Code   RO          286    .text               c_w.l(_scanf_int.o)
    0x08000cbe   0x08000cbe   0x000000e0   Code   RO          288    .text               c_w.l(_scanf_str.o)
    0x08000d9e   0x08000d9e   0x00000002   PAD
    0x08000da0   0x08000da0   0x0000002c   Code   RO          290    .text               c_w.l(scanf_char.o)
    0x08000dcc   0x08000dcc   0x00000040   Code   RO          292    .text               c_w.l(_sgetc.o)
    0x08000e0c   0x08000e0c   0x00000114   Code   RO          294    .text               c_w.l(_scanf_mbtowc.o)
    0x08000f20   0x08000f20   0x000000e8   Code   RO          296    .text               c_w.l(_scanf_wctomb.o)
    0x08001008   0x08001008   0x000000d0   Code   RO          298    .text               c_w.l(_scanf_wstr.o)
    0x080010d8   0x080010d8   0x0000008a   Code   RO          370    .text               c_w.l(lludiv10.o)
    0x08001162   0x08001162   0x00000012   Code   RO          372    .text               c_w.l(isspace.o)
    0x08001174   0x08001174   0x000000b2   Code   RO          374    .text               c_w.l(_printf_intcommon.o)
    0x08001226   0x08001226   0x0000041c   Code   RO          376    .text               c_w.l(_printf_fp_dec.o)
    0x08001642   0x08001642   0x00000002   PAD
    0x08001644   0x08001644   0x000002fc   Code   RO          380    .text               c_w.l(_printf_fp_hex.o)
    0x08001940   0x08001940   0x0000002c   Code   RO          385    .text               c_w.l(_printf_char.o)
    0x0800196c   0x0800196c   0x0000002c   Code   RO          387    .text               c_w.l(_printf_wchar.o)
    0x08001998   0x08001998   0x0000001c   Code   RO          390    .text               c_w.l(_chval.o)
    0x080019b4   0x080019b4   0x00000374   Code   RO          392    .text               c_w.l(_scanf.o)
    0x08001d28   0x08001d28   0x000004f8   Code   RO          394    .text               c_w.l(scanf_fp.o)
    0x08002220   0x08002220   0x0000001e   Code   RO          398    .text               c_w.l(_scanf_wcharmap.o)
    0x0800223e   0x0800223e   0x00000040   Code   RO          400    .text               c_w.l(_mbrtoc16.o)
    0x0800227e   0x0800227e   0x00000048   Code   RO          402    .text               c_w.l(_c16rtomb.o)
    0x080022c6   0x080022c6   0x0000004a   Code   RO          408    .text               c_w.l(sys_stackheap_outer.o)
    0x08002310   0x08002310   0x00000010   Code   RO          410    .text               c_w.l(rt_ctype_table.o)
    0x08002320   0x08002320   0x00000008   Code   RO          415    .text               c_w.l(rt_locale_intlibspace.o)
    0x08002328   0x08002328   0x00000008   Code   RO          420    .text               c_w.l(rt_errno_addr_intlibspace.o)
    0x08002330   0x08002330   0x00000026   Code   RO          422    .text               c_w.l(llshl.o)
    0x08002356   0x08002356   0x00000002   PAD
    0x08002358   0x08002358   0x00000080   Code   RO          424    .text               c_w.l(_printf_fp_infnan.o)
    0x080023d8   0x080023d8   0x000000e4   Code   RO          426    .text               c_w.l(bigflt0.o)
    0x080024bc   0x080024bc   0x00000012   Code   RO          459    .text               c_w.l(exit.o)
    0x080024ce   0x080024ce   0x00000002   PAD
    0x080024d0   0x080024d0   0x00000008   Code   RO          498    .text               c_w.l(libspace.o)
    0x080024d8   0x080024d8   0x00000016   Code   RO          505    .text               c_w.l(_rserrno.o)
    0x080024ee   0x080024ee   0x00000002   PAD
    0x080024f0   0x080024f0   0x00000320   Code   RO          507    .text               c_w.l(scanf_hexfp.o)
    0x08002810   0x08002810   0x00000134   Code   RO          509    .text               c_w.l(scanf_infnan.o)
    0x08002944   0x08002944   0x00000004   PAD
    0x08002948   0x08002948   0x0000007c   Code   RO          520    .text               c_w.l(strcmpv7em.o)
    0x080029c4   0x080029c4   0x00000002   Code   RO          534    .text               c_w.l(use_no_semi.o)
    0x080029c6   0x080029c6   0x00000000   Code   RO          536    .text               c_w.l(indicate_semi.o)
    0x080029c6   0x080029c6   0x00000002   PAD
    0x080029c8   0x080029c8   0x0000000c   Code   RO          570    .text               c_w.l(sys_exit.o)
    0x080029d4   0x080029d4   0x0000001e   Code   RO           95    .text.GPIO_Init     gpio.o
    0x080029f2   0x080029f2   0x00000002   PAD
    0x080029f4   0x080029f4   0x00000026   Code   RO           93    .text.GPIO_ReadPin  gpio.o
    0x08002a1a   0x08002a1a   0x00000002   PAD
    0x08002a1c   0x08002a1c   0x00000054   Code   RO           91    .text.GPIO_WritePin  gpio.o
    0x08002a70   0x08002a70   0x00000256   Code   RO           24    .text.RefreshLoad   main.o
    0x08002cc6   0x08002cc6   0x00000002   PAD
    0x08002cc8   0x08002cc8   0x00000052   Code   RO          108    .text.SysTick_Config  sys_init.o
    0x08002d1a   0x08002d1a   0x00000002   PAD
    0x08002d1c   0x08002d1c   0x00000010   Code   RO          104    .text.SysTick_Handler  sys_init.o
    0x08002d2c   0x08002d2c   0x00000012   Code   RO          160    .text.SystemInit    system_stm32f4xx.o
    0x08002d3e   0x08002d3e   0x00000002   PAD
    0x08002d40   0x08002d40   0x00000056   Code   RO            2    .text.TIM6_Config   main.o
    0x08002d96   0x08002d96   0x00000002   PAD
    0x08002d98   0x08002d98   0x00000032   Code   RO            6    .text.TIM6_DAC_IRQHandler  main.o
    0x08002dca   0x08002dca   0x00000002   PAD
    0x08002dcc   0x08002dcc   0x000000a2   Code   RO          138    .text.UART2_Config  usart.o
    0x08002e6e   0x08002e6e   0x00000002   PAD
    0x08002e70   0x08002e70   0x00000096   Code   RO           16    .text.UART4_IRQHandler  main.o
    0x08002f06   0x08002f06   0x00000002   PAD
    0x08002f08   0x08002f08   0x00000096   Code   RO           18    .text.UART5_IRQHandler  main.o
    0x08002f9e   0x08002f9e   0x00000002   PAD
    0x08002fa0   0x08002fa0   0x00000024   Code   RO          130    .text.UART_GetChar  usart.o
    0x08002fc4   0x08002fc4   0x00000024   Code   RO          126    .text.UART_SendChar  usart.o
    0x08002fe8   0x08002fe8   0x00000028   Code   RO          134    .text.UART_SendString  usart.o
    0x08003010   0x08003010   0x00000028   Code   RO           14    .text.USART2_IRQHandler  main.o
    0x08003038   0x08003038   0x00000030   Code   RO            4    .text.__NVIC_EnableIRQ  main.o
    0x08003068   0x08003068   0x00000042   Code   RO           28    .text.__NVIC_SetPriority  main.o
    0x080030aa   0x080030aa   0x00000002   PAD
    0x080030ac   0x080030ac   0x00000042   Code   RO          114    .text.__NVIC_SetPriority  sys_init.o
    0x080030ee   0x080030ee   0x00000002   PAD
    0x080030f0   0x080030f0   0x00000070   Code   RO            8    .text.getString     main.o
    0x08003160   0x08003160   0x000000d6   Code   RO           83    .text.initClock     clock.o
    0x08003236   0x08003236   0x00000002   PAD
    0x08003238   0x08003238   0x0000109c   Code   RO           26    .text.main          main.o
    0x080042d4   0x080042d4   0x00000030   Code   RO          112    .text.ms_delay      sys_init.o
    0x08004304   0x08004304   0x00000218   Code   RO           12    .text.parseCommand  main.o
    0x0800451c   0x0800451c   0x00000094   Code   RO           10    .text.printStatus   main.o
    0x080045b0   0x080045b0   0x00000028   Code   RO           22    .text.random        main.o
    0x080045d8   0x080045d8   0x00000010   Code   RO          106    .text.sysInit       sys_init.o
    0x080045e8   0x080045e8   0x0000003e   Code   RO          429    CL$$btod_d2e        c_w.l(btod.o)
    0x08004626   0x08004626   0x00000046   Code   RO          431    CL$$btod_d2e_denorm_low  c_w.l(btod.o)
    0x0800466c   0x0800466c   0x00000060   Code   RO          430    CL$$btod_d2e_norm_op1  c_w.l(btod.o)
    0x080046cc   0x080046cc   0x00000338   Code   RO          439    CL$$btod_div_common  c_w.l(btod.o)
    0x08004a04   0x08004a04   0x00000084   Code   RO          437    CL$$btod_e2d        c_w.l(btod.o)
    0x08004a88   0x08004a88   0x000000dc   Code   RO          436    CL$$btod_e2e        c_w.l(btod.o)
    0x08004b64   0x08004b64   0x0000002a   Code   RO          433    CL$$btod_ediv       c_w.l(btod.o)
    0x08004b8e   0x08004b8e   0x0000002a   Code   RO          435    CL$$btod_edivd      c_w.l(btod.o)
    0x08004bb8   0x08004bb8   0x0000002a   Code   RO          432    CL$$btod_emul       c_w.l(btod.o)
    0x08004be2   0x08004be2   0x0000002a   Code   RO          434    CL$$btod_emuld      c_w.l(btod.o)
    0x08004c0c   0x08004c0c   0x00000244   Code   RO          438    CL$$btod_mult_common  c_w.l(btod.o)
    0x08004e50   0x08004e50   0x00000030   Code   RO          484    i.__ARM_fpclassify  m_wm.l(fpclassify.o)
    0x08004e80   0x08004e80   0x000000f8   Code   RO          486    i.__hardfp___mathlib_tofloat  m_wm.l(narrow.o)
    0x08004f78   0x08004f78   0x000000d0   Code   RO          562    i.__hardfp_ldexp    m_wm.l(ldexp.o)
    0x08005048   0x08005048   0x00000020   Code   RO          589    i.__mathlib_dbl_overflow  m_wm.l(dunder.o)
    0x08005068   0x08005068   0x00000020   Code   RO          591    i.__mathlib_dbl_underflow  m_wm.l(dunder.o)
    0x08005088   0x08005088   0x00000012   Code   RO          487    i.__mathlib_narrow  m_wm.l(narrow.o)
    0x0800509a   0x0800509a   0x00000014   Code   RO          564    i.__support_ldexp   m_wm.l(ldexp.o)
    0x080050ae   0x080050ae   0x0000000e   Code   RO          251    i._is_digit         c_w.l(__printf_wp.o)
    0x080050bc   0x080050bc   0x00000004   PAD
    0x080050c0   0x080050c0   0x0000008c   Code   RO          530    i.frexp             m_wm.l(frexp.o)
    0x0800514c   0x0800514c   0x0000002c   Code   RO          457    locale$$code        c_w.l(lc_numeric_c.o)
    0x08005178   0x08005178   0x0000002c   Code   RO          514    locale$$code        c_w.l(lc_ctype_c.o)
    0x080051a4   0x080051a4   0x00000062   Code   RO          522    x$fpl$d2f           fz_wm.l(d2f.o)
    0x08005206   0x08005206   0x00000002   PAD
    0x08005208   0x08005208   0x00000010   Code   RO          627    x$fpl$dcheck1       fz_wm.l(dcheck1.o)
    0x08005218   0x08005218   0x00000018   Code   RO          552    x$fpl$dcmpinf       fz_wm.l(dcmpi.o)
    0x08005230   0x08005230   0x00000078   Code   RO          524    x$fpl$deqf          fz_wm.l(deqf.o)
    0x080052a8   0x080052a8   0x00000078   Code   RO          554    x$fpl$dleqf         fz_wm.l(dleqf.o)
    0x08005320   0x08005320   0x00000154   Code   RO          556    x$fpl$dmul          fz_wm.l(dmul.o)
    0x08005474   0x08005474   0x0000009c   Code   RO          558    x$fpl$dnaninf       fz_wm.l(dnaninf.o)
    0x08005510   0x08005510   0x0000000c   Code   RO          581    x$fpl$dretinf       fz_wm.l(dretinf.o)
    0x0800551c   0x0800551c   0x0000006c   Code   RO          526    x$fpl$drleqf        fz_wm.l(drleqf.o)
    0x08005588   0x08005588   0x0000001a   Code   RO          406    x$fpl$fpinit        fz_wm.l(fpinit.o)
    0x080055a2   0x080055a2   0x0000000a   Code   RO          560    x$fpl$fretinf       fz_wm.l(fretinf.o)
    0x080055ac   0x080055ac   0x00000006   Code   RO          475    x$fpl$ieeestatus    fz_wm.l(istatus.o)
    0x080055b2   0x080055b2   0x00000004   Code   RO          345    x$fpl$printf1       fz_wm.l(printf1.o)
    0x080055b6   0x080055b6   0x00000004   Code   RO          347    x$fpl$printf2       fz_wm.l(printf2.o)
    0x080055ba   0x080055ba   0x00000064   Code   RO          649    x$fpl$retnan        fz_wm.l(retnan.o)
    0x0800561e   0x0800561e   0x0000005c   Code   RO          583    x$fpl$scalbn        fz_wm.l(scalbn.o)
    0x0800567a   0x0800567a   0x00000004   Code   RO          353    x$fpl$scanf1        fz_wm.l(scanf1.o)
    0x0800567e   0x0800567e   0x00000008   Code   RO          477    x$fpl$scanf2        fz_wm.l(scanf2.o)
    0x08005686   0x08005686   0x00000030   Code   RO          651    x$fpl$trapveneer    fz_wm.l(trapv.o)
    0x080056b6   0x080056b6   0x00000000   Code   RO          483    x$fpl$usenofp       fz_wm.l(usenofp.o)
    0x080056b6   0x080056b6   0x00000002   PAD
    0x080056b8   0x080056b8   0x00000008   Data   RO          210    .constdata          c_w.l(_printf_wctomb.o)
    0x080056c0   0x080056c0   0x00000028   Data   RO          239    .constdata          c_w.l(_printf_hex_int_ll_ptr.o)
    0x080056e8   0x080056e8   0x00000011   Data   RO          259    .constdata          c_w.l(__printf_flags_ss_wp.o)
    0x080056f9   0x080056f9   0x00000026   Data   RO          381    .constdata          c_w.l(_printf_fp_hex.o)
    0x0800571f   0x0800571f   0x00000001   PAD
    0x08005720   0x08005720   0x00000094   Data   RO          427    .constdata          c_w.l(bigflt0.o)
    0x080057b4   0x080057b4   0x00000014   Data   RO           66    .rodata..L__const.main.GreenLR  main.o
    0x080057c8   0x080057c8   0x00000014   Data   RO           71    .rodata..L__const.main.GreenUD  main.o
    0x080057dc   0x080057dc   0x00000014   Data   RO           68    .rodata..L__const.main.IN_GreenLR  main.o
    0x080057f0   0x080057f0   0x00000014   Data   RO           73    .rodata..L__const.main.IN_GreenUD  main.o
    0x08005804   0x08005804   0x00000014   Data   RO           59    .rodata..L__const.main.IN_LoadD  main.o
    0x08005818   0x08005818   0x00000014   Data   RO           55    .rodata..L__const.main.IN_LoadL  main.o
    0x0800582c   0x0800582c   0x00000014   Data   RO           51    .rodata..L__const.main.IN_LoadR  main.o
    0x08005840   0x08005840   0x00000014   Data   RO           63    .rodata..L__const.main.IN_LoadU  main.o
    0x08005854   0x08005854   0x00000014   Data   RO           67    .rodata..L__const.main.IN_RedLR  main.o
    0x08005868   0x08005868   0x00000014   Data   RO           72    .rodata..L__const.main.IN_RedUD  main.o
    0x0800587c   0x0800587c   0x00000014   Data   RO           60    .rodata..L__const.main.PA10  main.o
    0x08005890   0x08005890   0x00000014   Data   RO           57    .rodata..L__const.main.PA11  main.o
    0x080058a4   0x080058a4   0x00000014   Data   RO           56    .rodata..L__const.main.PA12  main.o
    0x080058b8   0x080058b8   0x00000014   Data   RO           48    .rodata..L__const.main.PA5  main.o
    0x080058cc   0x080058cc   0x00000014   Data   RO           49    .rodata..L__const.main.PA6  main.o
    0x080058e0   0x080058e0   0x00000014   Data   RO           50    .rodata..L__const.main.PA7  main.o
    0x080058f4   0x080058f4   0x00000014   Data   RO           62    .rodata..L__const.main.PA8  main.o
    0x08005908   0x08005908   0x00000014   Data   RO           58    .rodata..L__const.main.PA9  main.o
    0x0800591c   0x0800591c   0x00000014   Data   RO           52    .rodata..L__const.main.PB13  main.o
    0x08005930   0x08005930   0x00000014   Data   RO           53    .rodata..L__const.main.PB14  main.o
    0x08005944   0x08005944   0x00000014   Data   RO           54    .rodata..L__const.main.PB15  main.o
    0x08005958   0x08005958   0x00000014   Data   RO           61    .rodata..L__const.main.PB5  main.o
    0x0800596c   0x0800596c   0x00000014   Data   RO           65    .rodata..L__const.main.RedLR  main.o
    0x08005980   0x08005980   0x00000014   Data   RO           69    .rodata..L__const.main.RedUD  main.o
    0x08005994   0x08005994   0x00000014   Data   RO           64    .rodata..L__const.main.YellowLR  main.o
    0x080059a8   0x080059a8   0x00000014   Data   RO           70    .rodata..L__const.main.YellowUD  main.o
    0x080059bc   0x080059bc   0x00000128   Data   RO           39    .rodata.str1.1      main.o
    0x08005ae4   0x08005ae4   0x00000020   Data   RO          654    Region$$Table       anon$$obj.o
    0x08005b04   0x08005b04   0x00000008   Data   RO          471    c$$dinf             fz_wm.l(fpconst.o)
    0x08005b0c   0x08005b0c   0x00000008   Data   RO          474    c$$dmax             fz_wm.l(fpconst.o)
    0x08005b14   0x08005b14   0x0000001c   Data   RO          456    locale$$data        c_w.l(lc_numeric_c.o)
    0x08005b30   0x08005b30   0x00000110   Data   RO          513    locale$$data        c_w.l(lc_ctype_c.o)


    Execution Region ER_RW (Exec base: 0x20000000, Load base: 0x08005c40, Size: 0x0000001c, Max: 0xffffffff, ABSOLUTE)

    Exec Addr    Load Addr    Size         Type   Attr      Idx    E Section Name        Object

    0x20000000   0x08005c40   0x00000004   Data   RW           30    .data.G             main.o
    0x20000004   0x08005c44   0x00000004   Data   RW           33    .data.L             main.o
    0x20000008   0x08005c48   0x00000004   Data   RW           32    .data.R             main.o
    0x2000000c   0x08005c4c   0x00000004   Data   RW           31    .data.Y             main.o
    0x20000010   0x08005c50   0x00000004   Data   RW           35    .data.frame_period  main.o
    0x20000014   0x08005c54   0x00000001   Data   RW           47    .data.high          main.o
    0x20000015   0x08005c55   0x00000003   PAD
    0x20000018   0x08005c58   0x00000004   Data   RW           37    .data.logBuffer     main.o


    Execution Region ER_ZI (Exec base: 0x20000020, Load base: 0x08005c5c, Size: 0x00001440, Max: 0xffffffff, ABSOLUTE)

    Exec Addr    Load Addr    Size         Type   Attr      Idx    E Section Name        Object

    0x20000020        -       0x000000e4   Zero   RW          181    .bss                c_w.l(rand.o)
    0x20000104        -       0x00000060   Zero   RW          499    .bss                c_w.l(libspace.o)
    0x20000164        -       0x00000004   Zero   RW           36    .bss.counter        main.o
    0x20000168        -       0x00000004   Zero   RW           45    .bss.in_idx         main.o
    0x2000016c        -       0x00000032   Zero   RW           38    .bss.input_buffer   main.o
    0x2000019e   0x08005c5c   0x00000002   PAD
    0x200001a0        -       0x00000320   Zero   RW           42    .bss.logLoad        main.o
    0x200004c0        -       0x000004b0   Zero   RW           40    .bss.logTrafficLR   main.o
    0x20000970        -       0x000004b0   Zero   RW           41    .bss.logTrafficUD   main.o
    0x20000e20        -       0x00000001   Zero   RW           46    .bss.low            main.o
    0x20000e21   0x08005c5c   0x00000003   PAD
    0x20000e24        -       0x00000004   Zero   RW          116    .bss.msTicks        sys_init.o
    0x20000e28        -       0x00000004   Zero   RW           44    .bss.out_idx        main.o
    0x20000e2c        -       0x00000032   Zero   RW           43    .bss.output_buff    main.o
    0x20000e5e   0x08005c5c   0x00000002   PAD
    0x20000e60        -       0x00000200   Zero   RW          151    HEAP                startup_stm32f446xx.o
    0x20001060        -       0x00000400   Zero   RW          150    STACK               startup_stm32f446xx.o


==============================================================================

Image component sizes


      Code (inc. data)   RO Data    RW Data    ZI Data      Debug   Object Name

       214          0          0          0          0       1758   clock.o
       152          0          0          0          0       1567   gpio.o
      6276          0        816         25       3313      11314   main.o
        64         26        452          0       1536        880   startup_stm32f446xx.o
       228          0          0          0          4       4640   sys_init.o
        18          0          0          0          0       2720   system_stm32f4xx.o
       274          0          0          0          0       3636   usart.o

    ----------------------------------------------------------------------
      7252         26       1300         28       4860      26515   Object Totals
         0          0         32          0          0          0   (incl. Generated)
        26          0          0          3          7          0   (incl. Padding)

    ----------------------------------------------------------------------

      Code (inc. data)   RO Data    RW Data    ZI Data      Debug   Library Member Name

         8          0          0          0          0         68   __main.o
       392          4         17          0          0         92   __printf_flags_ss_wp.o
        14          0          0          0          0         68   __printf_wp.o
         0          0          0          0          0          0   __rtentry.o
        12          0          0          0          0          0   __rtentry2.o
         6          0          0          0          0          0   __rtentry4.o
        52          8          0          0          0          0   __scatter.o
        26          0          0          0          0          0   __scatter_copy.o
        28          0          0          0          0          0   __scatter_zi.o
        72          0          0          0          0         96   _c16rtomb.o
        28          0          0          0          0         68   _chval.o
        64          0          0          0          0         84   _mbrtoc16.o
         6          0          0          0          0          0   _printf_a.o
         6          0          0          0          0          0   _printf_c.o
        44          0          0          0          0        108   _printf_char.o
        48          6          0          0          0         96   _printf_char_common.o
        40          0          0          0          0         68   _printf_charcount.o
         6          0          0          0          0          0   _printf_d.o
       120         16          0          0          0         92   _printf_dec.o
         6          0          0          0          0          0   _printf_e.o
         6          0          0          0          0          0   _printf_f.o
      1052          0          0          0          0        148   _printf_fp_dec.o
       764          8         38          0          0        100   _printf_fp_hex.o
       128         16          0          0          0         84   _printf_fp_infnan.o
         6          0          0          0          0          0   _printf_g.o
       148          4         40          0          0        160   _printf_hex_int_ll_ptr.o
         6          0          0          0          0          0   _printf_i.o
       178          0          0          0          0         88   _printf_intcommon.o
        10          0          0          0          0          0   _printf_l.o
         6          0          0          0          0          0   _printf_lc.o
        10          0          0          0          0          0   _printf_ll.o
         6          0          0          0          0          0   _printf_lld.o
         6          0          0          0          0          0   _printf_lli.o
         6          0          0          0          0          0   _printf_llo.o
         6          0          0          0          0          0   _printf_llu.o
         6          0          0          0          0          0   _printf_llx.o
       124         16          0          0          0         92   _printf_longlong_dec.o
         6          0          0          0          0          0   _printf_ls.o
         6          0          0          0          0          0   _printf_n.o
         6          0          0          0          0          0   _printf_o.o
       112          8          0          0          0        124   _printf_oct_int_ll.o
         6          0          0          0          0          0   _printf_p.o
        78          0          0          0          0        108   _printf_pad.o
         0          0          0          0          0          0   _printf_percent.o
         4          0          0          0          0          0   _printf_percent_end.o
         6          0          0          0          0          0   _printf_s.o
        82          0          0          0          0         80   _printf_str.o
        36          0          0          0          0         84   _printf_truncate.o
         6          0          0          0          0          0   _printf_u.o
        44          0          0          0          0        108   _printf_wchar.o
       188          6          8          0          0         92   _printf_wctomb.o
         6          0          0          0          0          0   _printf_x.o
        22          0          0          0          0        100   _rserrno.o
       884          6          0          0          0        100   _scanf.o
       332          0          0          0          0         96   _scanf_int.o
       342          0          0          0          0        100   _scanf_longlong.o
       276          0          0          0          0        100   _scanf_mbtowc.o
       224          0          0          0          0         96   _scanf_str.o
        30          0          0          0          0         76   _scanf_wcharmap.o
       232          0          0          0          0        100   _scanf_wctomb.o
       208          0          0          0          0         96   _scanf_wstr.o
        64          0          0          0          0         84   _sgetc.o
        10          0          0          0          0         68   _sputc.o
       228          4        148          0          0         96   bigflt0.o
      2152        136          0          0          0        956   btod.o
        18          0          0          0          0         80   exit.o
         6          0          0          0          0        152   heapauxi.o
         0          0          0          0          0          0   indicate_semi.o
        18          0          0          0          0         76   isspace.o
        44         10        272          0          0         76   lc_ctype_c.o
        44         10         28          0          0         76   lc_numeric_c.o
         2          0          0          0          0          0   libinit.o
        38          0          0          0          0          0   libinit2.o
         2          0          0          0          0          0   libshutdown.o
         2          0          0          0          0          0   libshutdown2.o
         8          4          0          0         96         68   libspace.o
        38          0          0          0          0         68   llshl.o
       138          0          0          0          0         80   lludiv10.o
       112         18          0          0        228        160   rand.o
        16          4          0          0          0         76   rt_ctype_table.o
         8          4          0          0          0         68   rt_errno_addr_intlibspace.o
         8          4          0          0          0         68   rt_locale_intlibspace.o
         2          0          0          0          0          0   rtexit.o
        10          0          0          0          0          0   rtexit2.o
        44          8          0          0          0         84   scanf_char.o
      1272         16          0          0          0        168   scanf_fp.o
       800         14          0          0          0        100   scanf_hexfp.o
       308         16          0          0          0        100   scanf_infnan.o
        44          6          0          0          0         84   sprintf.o
        60          8          0          0          0         84   sscanf.o
       124          0          0          0          0         88   strcmpv7em.o
        72          0          0          0          0         80   strcpy.o
        62          0          0          0          0         76   strlen.o
        12          4          0          0          0         68   sys_exit.o
        74          0          0          0          0         80   sys_stackheap_outer.o
         2          0          0          0          0         68   use_no_semi.o
        98          4          0          0          0        140   d2f.o
        16          4          0          0          0        116   dcheck1.o
        24          0          0          0          0        116   dcmpi.o
       120          4          0          0          0        140   deqf.o
       120          4          0          0          0        140   dleqf.o
       340         12          0          0          0        152   dmul.o
       156          4          0          0          0        140   dnaninf.o
        12          0          0          0          0        116   dretinf.o
       108          0          0          0          0        128   drleqf.o
         0          0         16          0          0          0   fpconst.o
        26          0          0          0          0        116   fpinit.o
        10          0          0          0          0        116   fretinf.o
         6          0          0          0          0        116   istatus.o
         4          0          0          0          0        116   printf1.o
         4          0          0          0          0        116   printf2.o
       100          0          0          0          0        116   retnan.o
        92          0          0          0          0        116   scalbn.o
         4          0          0          0          0        116   scanf1.o
         8          0          0          0          0        132   scanf2.o
        48          0          0          0          0        116   trapv.o
         0          0          0          0          0          0   usenofp.o
        64         16          0          0          0        248   dunder.o
        48          0          0          0          0        124   fpclassify.o
       140         22          0          0          0        132   frexp.o
       228          8          0          0          0        308   ldexp.o
       266         16          0          0          0        308   narrow.o

    ----------------------------------------------------------------------
     14496        462        568          0        324       9788   Library Totals
        30          4          1          0          0          0   (incl. Padding)

    ----------------------------------------------------------------------

      Code (inc. data)   RO Data    RW Data    ZI Data      Debug   Library Name

     12424        364        551          0        324       6304   c_w.l
      1296         32         16          0          0       2364   fz_wm.l
       746         62          0          0          0       1120   m_wm.l

    ----------------------------------------------------------------------
     14496        462        568          0        324       9788   Library Totals

    ----------------------------------------------------------------------

==============================================================================


      Code (inc. data)   RO Data    RW Data    ZI Data      Debug   

     21748        488       1868         28       5184      30271   Grand Totals
     21748        488       1868         28       5184      30271   ELF Image Totals
     21748        488       1868         28          0          0   ROM Totals

==============================================================================

    Total RO  Size (Code + RO Data)                23616 (  23.06kB)
    Total RW  Size (RW Data + ZI Data)              5212 (   5.09kB)
    Total ROM Size (Code + RO Data + RW Data)      23644 (  23.09kB)

==============================================================================

